Archive member included to satisfy reference by file (symbol)

/var/folders/hj/xvmq845d4rq0_l026j3g6x8c0000gn/T/arduino-core-cache/core_0bde13c9a0eea2bfdc716a2fc04bccd4.a(exc.S.o)
                              (__exc_nmi)
/var/folders/hj/xvmq845d4rq0_l026j3g6x8c0000gn/T/arduino-core-cache/core_0bde13c9a0eea2bfdc716a2fc04bccd4.a(isrs.S.o)
                              (__stm32reservedexception7)
/var/folders/hj/xvmq845d4rq0_l026j3g6x8c0000gn/T/arduino-core-cache/core_0bde13c9a0eea2bfdc716a2fc04bccd4.a(vector_table.S.o)
                              (__stm32_vector_table)
/var/folders/hj/xvmq845d4rq0_l026j3g6x8c0000gn/T/arduino-core-cache/core_0bde13c9a0eea2bfdc716a2fc04bccd4.a(adc.c.o)
                              /var/folders/hj/xvmq845d4rq0_l026j3g6x8c0000gn/T/arduino-sketch-783AC80E8B34696ACA1CC87DB6CF7DB3/core/wirish/boards.cpp.o (adc_set_sample_rate)
/var/folders/hj/xvmq845d4rq0_l026j3g6x8c0000gn/T/arduino-core-cache/core_0bde13c9a0eea2bfdc716a2fc04bccd4.a(adc_f1.c.o)
                              /var/folders/hj/xvmq845d4rq0_l026j3g6x8c0000gn/T/arduino-core-cache/core_0bde13c9a0eea2bfdc716a2fc04bccd4.a(vector_table.S.o) (__irq_adc)
/var/folders/hj/xvmq845d4rq0_l026j3g6x8c0000gn/T/arduino-core-cache/core_0bde13c9a0eea2bfdc716a2fc04bccd4.a(dma_f1.c.o)
                              /var/folders/hj/xvmq845d4rq0_l026j3g6x8c0000gn/T/arduino-core-cache/core_0bde13c9a0eea2bfdc716a2fc04bccd4.a(vector_table.S.o) (__irq_dma1_channel1)
/var/folders/hj/xvmq845d4rq0_l026j3g6x8c0000gn/T/arduino-core-cache/core_0bde13c9a0eea2bfdc716a2fc04bccd4.a(exti.c.o)
                              /var/folders/hj/xvmq845d4rq0_l026j3g6x8c0000gn/T/arduino-core-cache/core_0bde13c9a0eea2bfdc716a2fc04bccd4.a(vector_table.S.o) (__irq_exti0)
/var/folders/hj/xvmq845d4rq0_l026j3g6x8c0000gn/T/arduino-core-cache/core_0bde13c9a0eea2bfdc716a2fc04bccd4.a(exti_f1.c.o)
                              /var/folders/hj/xvmq845d4rq0_l026j3g6x8c0000gn/T/arduino-core-cache/core_0bde13c9a0eea2bfdc716a2fc04bccd4.a(exti.c.o) (exti_select)
/var/folders/hj/xvmq845d4rq0_l026j3g6x8c0000gn/T/arduino-core-cache/core_0bde13c9a0eea2bfdc716a2fc04bccd4.a(flash.c.o)
                              /var/folders/hj/xvmq845d4rq0_l026j3g6x8c0000gn/T/arduino-sketch-783AC80E8B34696ACA1CC87DB6CF7DB3/core/wirish/boards.cpp.o (flash_set_latency)
/var/folders/hj/xvmq845d4rq0_l026j3g6x8c0000gn/T/arduino-core-cache/core_0bde13c9a0eea2bfdc716a2fc04bccd4.a(gpio_f1.c.o)
                              /var/folders/hj/xvmq845d4rq0_l026j3g6x8c0000gn/T/arduino-sketch-783AC80E8B34696ACA1CC87DB6CF7DB3/core/wirish/boards_setup.cpp.o (gpio_init_all)
/var/folders/hj/xvmq845d4rq0_l026j3g6x8c0000gn/T/arduino-core-cache/core_0bde13c9a0eea2bfdc716a2fc04bccd4.a(i2c_f1.c.o)
                              /var/folders/hj/xvmq845d4rq0_l026j3g6x8c0000gn/T/arduino-core-cache/core_0bde13c9a0eea2bfdc716a2fc04bccd4.a(vector_table.S.o) (__irq_i2c1_ev)
/var/folders/hj/xvmq845d4rq0_l026j3g6x8c0000gn/T/arduino-core-cache/core_0bde13c9a0eea2bfdc716a2fc04bccd4.a(nvic.c.o)
                              /var/folders/hj/xvmq845d4rq0_l026j3g6x8c0000gn/T/arduino-core-cache/core_0bde13c9a0eea2bfdc716a2fc04bccd4.a(i2c_f1.c.o) (nvic_irq_set_priority)
/var/folders/hj/xvmq845d4rq0_l026j3g6x8c0000gn/T/arduino-core-cache/core_0bde13c9a0eea2bfdc716a2fc04bccd4.a(rcc.c.o)
                              /var/folders/hj/xvmq845d4rq0_l026j3g6x8c0000gn/T/arduino-sketch-783AC80E8B34696ACA1CC87DB6CF7DB3/core/wirish/boards.cpp.o (rcc_switch_sysclk)
/var/folders/hj/xvmq845d4rq0_l026j3g6x8c0000gn/T/arduino-core-cache/core_0bde13c9a0eea2bfdc716a2fc04bccd4.a(rcc_f1.c.o)
                              /var/folders/hj/xvmq845d4rq0_l026j3g6x8c0000gn/T/arduino-sketch-783AC80E8B34696ACA1CC87DB6CF7DB3/core/wirish/boards.cpp.o (rcc_configure_pll)
/var/folders/hj/xvmq845d4rq0_l026j3g6x8c0000gn/T/arduino-core-cache/core_0bde13c9a0eea2bfdc716a2fc04bccd4.a(systick.c.o)
                              /var/folders/hj/xvmq845d4rq0_l026j3g6x8c0000gn/T/arduino-sketch-783AC80E8B34696ACA1CC87DB6CF7DB3/core/wirish/boards.cpp.o (systick_init)
/var/folders/hj/xvmq845d4rq0_l026j3g6x8c0000gn/T/arduino-core-cache/core_0bde13c9a0eea2bfdc716a2fc04bccd4.a(timer.c.o)
                              /var/folders/hj/xvmq845d4rq0_l026j3g6x8c0000gn/T/arduino-sketch-783AC80E8B34696ACA1CC87DB6CF7DB3/core/wirish/boards.cpp.o (timer_foreach)
/var/folders/hj/xvmq845d4rq0_l026j3g6x8c0000gn/T/arduino-core-cache/core_0bde13c9a0eea2bfdc716a2fc04bccd4.a(usart_f1.c.o)
                              /var/folders/hj/xvmq845d4rq0_l026j3g6x8c0000gn/T/arduino-core-cache/core_0bde13c9a0eea2bfdc716a2fc04bccd4.a(vector_table.S.o) (__irq_usart1)
/var/folders/hj/xvmq845d4rq0_l026j3g6x8c0000gn/T/arduino-core-cache/core_0bde13c9a0eea2bfdc716a2fc04bccd4.a(usart_private.c.o)
                              /var/folders/hj/xvmq845d4rq0_l026j3g6x8c0000gn/T/arduino-core-cache/core_0bde13c9a0eea2bfdc716a2fc04bccd4.a(usart_f1.c.o) (_usart_clock_freq)
[...]
Memory Configuration

Name             Origin             Length             Attributes
ram              0x0000000020000000 0x0000000000005000 xrw
rom              0x0000000008000000 0x0000000000010000 xr
*default*        0x0000000000000000 0xffffffffffffffff

Linker script and memory map

LOAD /Users/lgcampos/Library/Arduino15/packages/arduino/tools/arm-none-eabi-gcc/7-2017q4/bin/../lib/gcc/arm-none-eabi/7.2.1/thumb/v7-m/crti.o
LOAD /Users/lgcampos/Library/Arduino15/packages/arduino/tools/arm-none-eabi-gcc/7-2017q4/bin/../lib/gcc/arm-none-eabi/7.2.1/thumb/v7-m/crtbegin.o
LOAD /Users/lgcampos/Library/Arduino15/packages/arduino/tools/arm-none-eabi-gcc/7-2017q4/bin/../lib/gcc/arm-none-eabi/7.2.1/../../../../arm-none-eabi/lib/thumb/v7-m/crt0.o
LOAD /Users/lgcampos/Library/Arduino15/packages/arduino/tools/arm-none-eabi-gcc/7-2017q4/bin/../lib/gcc/arm-none-eabi/7.2.1/thumb/v7-m/libgcc.a
START GROUP
LOAD /var/folders/hj/xvmq845d4rq0_l026j3g6x8c0000gn/T/arduino-sketch-783AC80E8B34696ACA1CC87DB6CF7DB3/sketch/LowMemoryExample.ino.cpp.o
LOAD /var/folders/hj/xvmq845d4rq0_l026j3g6x8c0000gn/T/arduino-sketch-783AC80E8B34696ACA1CC87DB6CF7DB3/libraries/CorePartition/CorePartition.c.o
LOAD /var/folders/hj/xvmq845d4rq0_l026j3g6x8c0000gn/T/arduino-sketch-783AC80E8B34696ACA1CC87DB6CF7DB3/core/wirish/start.S.o
LOAD /var/folders/hj/xvmq845d4rq0_l026j3g6x8c0000gn/T/arduino-sketch-783AC80E8B34696ACA1CC87DB6CF7DB3/core/wirish/start_c.c.o
LOAD /var/folders/hj/xvmq845d4rq0_l026j3g6x8c0000gn/T/arduino-sketch-783AC80E8B34696ACA1CC87DB6CF7DB3/core/wirish/syscalls.c.o
LOAD /var/folders/hj/xvmq845d4rq0_l026j3g6x8c0000gn/T/arduino-sketch-783AC80E8B34696ACA1CC87DB6CF7DB3/core/board.cpp.o
LOAD /var/folders/hj/xvmq845d4rq0_l026j3g6x8c0000gn/T/arduino-sketch-783AC80E8B34696ACA1CC87DB6CF7DB3/core/wirish/boards.cpp.o
LOAD /var/folders/hj/xvmq845d4rq0_l026j3g6x8c0000gn/T/arduino-sketch-783AC80E8B34696ACA1CC87DB6CF7DB3/core/wirish/boards_setup.cpp.o
LOAD /var/folders/hj/xvmq845d4rq0_l026j3g6x8c0000gn/T/arduino-core-cache/core_0bde13c9a0eea2bfdc716a2fc04bccd4.a
END GROUP
LOAD /Users/lgcampos/Library/Arduino15/packages/arduino/tools/arm-none-eabi-gcc/7-2017q4/bin/../lib/gcc/arm-none-eabi/7.2.1/../../../../arm-none-eabi/lib/thumb/v7-m/libstdc++.a
LOAD /Users/lgcampos/Library/Arduino15/packages/arduino/tools/arm-none-eabi-gcc/7-2017q4/bin/../lib/gcc/arm-none-eabi/7.2.1/../../../../arm-none-eabi/lib/thumb/v7-m/libm.a
START GROUP
LOAD /Users/lgcampos/Library/Arduino15/packages/arduino/tools/arm-none-eabi-gcc/7-2017q4/bin/../lib/gcc/arm-none-eabi/7.2.1/thumb/v7-m/libgcc.a
LOAD /Users/lgcampos/Library/Arduino15/packages/arduino/tools/arm-none-eabi-gcc/7-2017q4/bin/../lib/gcc/arm-none-eabi/7.2.1/../../../../arm-none-eabi/lib/thumb/v7-m/libc.a
END GROUP
LOAD /Users/lgcampos/Library/Arduino15/packages/arduino/tools/arm-none-eabi-gcc/7-2017q4/bin/../lib/gcc/arm-none-eabi/7.2.1/thumb/v7-m/crtend.o
LOAD /Users/lgcampos/Library/Arduino15/packages/arduino/tools/arm-none-eabi-gcc/7-2017q4/bin/../lib/gcc/arm-none-eabi/7.2.1/thumb/v7-m/crtn.o
START GROUP
LOAD /Users/lgcampos/Library/Arduino15/packages/arduino/tools/arm-none-eabi-gcc/7-2017q4/bin/../lib/gcc/arm-none-eabi/7.2.1/thumb/v7-m/libgcc.a
LOAD /Users/lgcampos/Library/Arduino15/packages/arduino/tools/arm-none-eabi-gcc/7-2017q4/bin/../lib/gcc/arm-none-eabi/7.2.1/../../../../arm-none-eabi/lib/thumb/v7-m/libc.a
LOAD /Users/lgcampos/Library/Arduino15/packages/arduino/tools/arm-none-eabi-gcc/7-2017q4/bin/../lib/gcc/arm-none-eabi/7.2.1/../../../../arm-none-eabi/lib/thumb/v7-m/libm.a
END GROUP
START GROUP
LOAD /Users/lgcampos/Library/Arduino15/packages/arduino/tools/arm-none-eabi-gcc/7-2017q4/bin/../lib/gcc/arm-none-eabi/7.2.1/../../../../arm-none-eabi/lib/thumb/v7-m/libnosys.a
END GROUP
                0x0000000020005000                PROVIDE (__msp_init, (ORIGIN (ram) + LENGTH (ram)))
                0x00000000080014a8                PROVIDE (__exc_reset, __start__)

.text           0x0000000008000000     0x594c
                0x0000000008000000                __text_start__ = .
 *(.stm32.interrupt_vector)
 .stm32.interrupt_vector
                0x0000000008000000       0xec /var/folders/hj/xvmq845d4rq0_l026j3g6x8c0000gn/T/arduino-core-cache/core_0bde13c9a0eea2bfdc716a2fc04bccd4.a(vector_table.S.o)
                0x0000000008000000                __stm32_vector_table
 *(.text .text.* .gnu.linkonce.t.*)
 .text          0x00000000080000ec       0x40 /Users/lgcampos/Library/Arduino15/packages/arduino/tools/arm-none-eabi-gcc/7-2017q4/bin/../lib/gcc/arm-none-eabi/7.2.1/thumb/v7-m/crtbegin.o
 .text._Z27ThreadCounterMessageHandlerPvPKcj13CpxMsgPayload
                0x000000000800012c       0x14 /var/folders/hj/xvmq845d4rq0_l026j3g6x8c0000gn/T/arduino-sketch-783AC80E8B34696ACA1CC87DB6CF7DB3/sketch/LowMemoryExample.ino.cpp.o
                0x000000000800012c                ThreadCounterMessageHandler(void*, char const*, unsigned int, CpxMsgPayload)
 .text._Z13CounterThreadPv
                0x0000000008000140       0x30 /var/folders/hj/xvmq845d4rq0_l026j3g6x8c0000gn/T/arduino-sketch-783AC80E8B34696ACA1CC87DB6CF7DB3/sketch/LowMemoryExample.ino.cpp.o
                0x0000000008000140                CounterThread(void*)
 .text._Z14eventualThreadPv
                0x0000000008000170      0x180 /var/folders/hj/xvmq845d4rq0_l026j3g6x8c0000gn/T/arduino-sketch-783AC80E8B34696ACA1CC87DB6CF7DB3/sketch/LowMemoryExample.ino.cpp.o
                0x0000000008000170                eventualThread(void*)
 .text._Z18ShowRunningThreadsv
                0x00000000080002f0      0x144 /var/folders/hj/xvmq845d4rq0_l026j3g6x8c0000gn/T/arduino-sketch-783AC80E8B34696ACA1CC87DB6CF7DB3/sketch/LowMemoryExample.ino.cpp.o
                0x00000000080002f0                ShowRunningThreads()
 .text.CorePartition_GetCurrentTick
                0x0000000008000434        0xc /var/folders/hj/xvmq845d4rq0_l026j3g6x8c0000gn/T/arduino-sketch-783AC80E8B34696ACA1CC87DB6CF7DB3/sketch/LowMemoryExample.ino.cpp.o
                0x0000000008000434                CorePartition_GetCurrentTick
 .text.CorePartition_SleepTicks
                0x0000000008000440        0x4 /var/folders/hj/xvmq845d4rq0_l026j3g6x8c0000gn/T/arduino-sketch-783AC80E8B34696ACA1CC87DB6CF7DB3/sketch/LowMemoryExample.ino.cpp.o
                0x0000000008000440                CorePartition_SleepTicks
 .text._Z4loopv
                0x0000000008000444        0x4 /var/folders/hj/xvmq845d4rq0_l026j3g6x8c0000gn/T/arduino-sketch-783AC80E8B34696ACA1CC87DB6CF7DB3/sketch/LowMemoryExample.ino.cpp.o
                0x0000000008000444                loop()
 .text._Z6ThreadPv
                0x0000000008000448      0x21c /var/folders/hj/xvmq845d4rq0_l026j3g6x8c0000gn/T/arduino-sketch-783AC80E8B34696ACA1CC87DB6CF7DB3/sketch/LowMemoryExample.ino.cpp.o
                0x0000000008000448                Thread(void*)
 .text._Z20StackOverflowHandlerv
                0x0000000008000664       0x4c /var/folders/hj/xvmq845d4rq0_l026j3g6x8c0000gn/T/arduino-sketch-783AC80E8B34696ACA1CC87DB6CF7DB3/sketch/LowMemoryExample.ino.cpp.o
                0x0000000008000664                StackOverflowHandler()
 .text._Z5setupv
                0x00000000080006b0      0x194 /var/folders/hj/xvmq845d4rq0_l026j3g6x8c0000gn/T/arduino-sketch-783AC80E8B34696ACA1CC87DB6CF7DB3/sketch/LowMemoryExample.ino.cpp.o
                0x00000000080006b0                setup()
 .text.CorePartition_SetStackOverflowHandler
                0x0000000008000844       0x18 /var/folders/hj/xvmq845d4rq0_l026j3g6x8c0000gn/T/arduino-sketch-783AC80E8B34696ACA1CC87DB6CF7DB3/libraries/CorePartition/CorePartition.c.o
                0x0000000008000844                CorePartition_SetStackOverflowHandler
 .text.CorePartition_Start
                0x000000000800085c       0x30 /var/folders/hj/xvmq845d4rq0_l026j3g6x8c0000gn/T/arduino-sketch-783AC80E8B34696ACA1CC87DB6CF7DB3/libraries/CorePartition/CorePartition.c.o
                0x000000000800085c                CorePartition_Start
 .text.CorePartition_EnableBroker
                0x000000000800088c       0x58 /var/folders/hj/xvmq845d4rq0_l026j3g6x8c0000gn/T/arduino-sketch-783AC80E8B34696ACA1CC87DB6CF7DB3/libraries/CorePartition/CorePartition.c.o
                0x000000000800088c                CorePartition_EnableBroker
 .text.CorePartition_IsSubscribed
                0x00000000080008e4      0x190 /var/folders/hj/xvmq845d4rq0_l026j3g6x8c0000gn/T/arduino-sketch-783AC80E8B34696ACA1CC87DB6CF7DB3/libraries/CorePartition/CorePartition.c.o
                0x00000000080008e4                CorePartition_IsSubscribed
 .text.CorePartition_SubscribeTopic
                0x0000000008000a74      0x19c /var/folders/hj/xvmq845d4rq0_l026j3g6x8c0000gn/T/arduino-sketch-783AC80E8B34696ACA1CC87DB6CF7DB3/libraries/CorePartition/CorePartition.c.o
                0x0000000008000a74                CorePartition_SubscribeTopic
 .text.CorePartition_CreateSecureThread
                0x0000000008000c10       0xe4 /var/folders/hj/xvmq845d4rq0_l026j3g6x8c0000gn/T/arduino-sketch-783AC80E8B34696ACA1CC87DB6CF7DB3/libraries/CorePartition/CorePartition.c.o
                0x0000000008000c10                CorePartition_CreateSecureThread
 .text.CorePartition_CreateThread
                0x0000000008000cf4       0xe4 /var/folders/hj/xvmq845d4rq0_l026j3g6x8c0000gn/T/arduino-sketch-783AC80E8B34696ACA1CC87DB6CF7DB3/libraries/CorePartition/CorePartition.c.o
                0x0000000008000cf4                CorePartition_CreateThread
 .text.CorePartition_Join
                0x0000000008000dd8      0x1a4 /var/folders/hj/xvmq845d4rq0_l026j3g6x8c0000gn/T/arduino-sketch-783AC80E8B34696ACA1CC87DB6CF7DB3/libraries/CorePartition/CorePartition.c.o
                0x0000000008000dd8                CorePartition_Join
 .text.CorePartition_Yield
                0x0000000008000f7c      0x1b4 /var/folders/hj/xvmq845d4rq0_l026j3g6x8c0000gn/T/arduino-sketch-783AC80E8B34696ACA1CC87DB6CF7DB3/libraries/CorePartition/CorePartition.c.o
                0x0000000008000f7c                CorePartition_Yield
 .text.CorePartition_PublishTopic
                0x0000000008001130      0x214 /var/folders/hj/xvmq845d4rq0_l026j3g6x8c0000gn/T/arduino-sketch-783AC80E8B34696ACA1CC87DB6CF7DB3/libraries/CorePartition/CorePartition.c.o
                0x0000000008001130                CorePartition_PublishTopic
 .text.CorePartition_GetID
                0x0000000008001344        0xc /var/folders/hj/xvmq845d4rq0_l026j3g6x8c0000gn/T/arduino-sketch-783AC80E8B34696ACA1CC87DB6CF7DB3/libraries/CorePartition/CorePartition.c.o
                0x0000000008001344                CorePartition_GetID
 .text.CorePartition_GetStackSizeByID
                0x0000000008001350       0x24 /var/folders/hj/xvmq845d4rq0_l026j3g6x8c0000gn/T/arduino-sketch-783AC80E8B34696ACA1CC87DB6CF7DB3/libraries/CorePartition/CorePartition.c.o
                0x0000000008001350                CorePartition_GetStackSizeByID
 .text.CorePartition_GetMaxStackSizeByID
                0x0000000008001374       0x24 /var/folders/hj/xvmq845d4rq0_l026j3g6x8c0000gn/T/arduino-sketch-783AC80E8B34696ACA1CC87DB6CF7DB3/libraries/CorePartition/CorePartition.c.o
                0x0000000008001374                CorePartition_GetMaxStackSizeByID
 .text.CorePartition_GetNiceByID
                0x0000000008001398       0x24 /var/folders/hj/xvmq845d4rq0_l026j3g6x8c0000gn/T/arduino-sketch-783AC80E8B34696ACA1CC87DB6CF7DB3/libraries/CorePartition/CorePartition.c.o
                0x0000000008001398                CorePartition_GetNiceByID
 .text.CorePartition_GetStatusByID
                0x00000000080013bc       0x24 /var/folders/hj/xvmq845d4rq0_l026j3g6x8c0000gn/T/arduino-sketch-783AC80E8B34696ACA1CC87DB6CF7DB3/libraries/CorePartition/CorePartition.c.o
                0x00000000080013bc                CorePartition_GetStatusByID
 .text.CorePartition_GetLastDutyCycleByID
                0x00000000080013e0       0x24 /var/folders/hj/xvmq845d4rq0_l026j3g6x8c0000gn/T/arduino-sketch-783AC80E8B34696ACA1CC87DB6CF7DB3/libraries/CorePartition/CorePartition.c.o
                0x00000000080013e0                CorePartition_GetLastDutyCycleByID
 .text.CorePartition_GetLastMomentumByID
                0x0000000008001404       0x24 /var/folders/hj/xvmq845d4rq0_l026j3g6x8c0000gn/T/arduino-sketch-783AC80E8B34696ACA1CC87DB6CF7DB3/libraries/CorePartition/CorePartition.c.o
                0x0000000008001404                CorePartition_GetLastMomentumByID
 .text.CorePartition_GetNumberOfActiveThreads
                0x0000000008001428        0xc /var/folders/hj/xvmq845d4rq0_l026j3g6x8c0000gn/T/arduino-sketch-783AC80E8B34696ACA1CC87DB6CF7DB3/libraries/CorePartition/CorePartition.c.o
                0x0000000008001428                CorePartition_GetNumberOfActiveThreads
 .text.CorePartition_GetMaxNumberOfThreads
                0x0000000008001434        0xc /var/folders/hj/xvmq845d4rq0_l026j3g6x8c0000gn/T/arduino-sketch-783AC80E8B34696ACA1CC87DB6CF7DB3/libraries/CorePartition/CorePartition.c.o
                0x0000000008001434                CorePartition_GetMaxNumberOfThreads
 .text.CorePartition_GetThreadContextSize
                0x0000000008001440        0x4 /var/folders/hj/xvmq845d4rq0_l026j3g6x8c0000gn/T/arduino-sketch-783AC80E8B34696ACA1CC87DB6CF7DB3/libraries/CorePartition/CorePartition.c.o
                0x0000000008001440                CorePartition_GetThreadContextSize
 .text.CorePartition_SetThreadNameByID
                0x0000000008001444       0x3c /var/folders/hj/xvmq845d4rq0_l026j3g6x8c0000gn/T/arduino-sketch-783AC80E8B34696ACA1CC87DB6CF7DB3/libraries/CorePartition/CorePartition.c.o
                0x0000000008001444                CorePartition_SetThreadNameByID
 .text.CorePartition_GetThreadNameByID
                0x0000000008001480       0x28 /var/folders/hj/xvmq845d4rq0_l026j3g6x8c0000gn/T/arduino-sketch-783AC80E8B34696ACA1CC87DB6CF7DB3/libraries/CorePartition/CorePartition.c.o
                0x0000000008001480                CorePartition_GetThreadNameByID
 .text          0x00000000080014a8       0x10 /var/folders/hj/xvmq845d4rq0_l026j3g6x8c0000gn/T/arduino-sketch-783AC80E8B34696ACA1CC87DB6CF7DB3/core/wirish/start.S.o
                0x00000000080014a8                __start__
 .text.start_c  0x00000000080014b8       0x68 /var/folders/hj/xvmq845d4rq0_l026j3g6x8c0000gn/T/arduino-sketch-783AC80E8B34696ACA1CC87DB6CF7DB3/core/wirish/start_c.c.o
                0x00000000080014b8                start_c
 .text._sbrk    0x0000000008001520       0x48 /var/folders/hj/xvmq845d4rq0_l026j3g6x8c0000gn/T/arduino-sketch-783AC80E8B34696ACA1CC87DB6CF7DB3/core/wirish/syscalls.c.o
                0x0000000008001520                _sbrk
 .text._exit    0x0000000008001568        0x4 /var/folders/hj/xvmq845d4rq0_l026j3g6x8c0000gn/T/arduino-sketch-783AC80E8B34696ACA1CC87DB6CF7DB3/core/wirish/syscalls.c.o
                0x0000000008001568                _exit
 .text._Z9boardInitv
                0x000000000800156c        0x4 /var/folders/hj/xvmq845d4rq0_l026j3g6x8c0000gn/T/arduino-sketch-783AC80E8B34696ACA1CC87DB6CF7DB3/core/board.cpp.o
                0x000000000800156c                boardInit()
 .text.startup._GLOBAL__sub_I__Z9boardInitv
                0x0000000008001570       0x48 /var/folders/hj/xvmq845d4rq0_l026j3g6x8c0000gn/T/arduino-sketch-783AC80E8B34696ACA1CC87DB6CF7DB3/core/board.cpp.o
 .text._ZL18adc_default_configP7adc_dev
                0x00000000080015b8       0x1c /var/folders/hj/xvmq845d4rq0_l026j3g6x8c0000gn/T/arduino-sketch-783AC80E8B34696ACA1CC87DB6CF7DB3/core/wirish/boards.cpp.o
 .text._ZL20timer_default_configP9timer_dev
                0x00000000080015d4       0xa0 /var/folders/hj/xvmq845d4rq0_l026j3g6x8c0000gn/T/arduino-sketch-783AC80E8B34696ACA1CC87DB6CF7DB3/core/wirish/boards.cpp.o
 .text._Z4initv
                0x0000000008001674       0xbc /var/folders/hj/xvmq845d4rq0_l026j3g6x8c0000gn/T/arduino-sketch-783AC80E8B34696ACA1CC87DB6CF7DB3/core/wirish/boards.cpp.o
                0x0000000008001674                init()
 .text._ZN6wirish4priv15board_reset_pllEv
                0x0000000008001730        0x4 /var/folders/hj/xvmq845d4rq0_l026j3g6x8c0000gn/T/arduino-sketch-783AC80E8B34696ACA1CC87DB6CF7DB3/core/wirish/boards_setup.cpp.o
                0x0000000008001730                wirish::priv::board_reset_pll()
 .text._ZN6wirish4priv28board_setup_clock_prescalersEv
                0x0000000008001734       0x30 /var/folders/hj/xvmq845d4rq0_l026j3g6x8c0000gn/T/arduino-sketch-783AC80E8B34696ACA1CC87DB6CF7DB3/core/wirish/boards_setup.cpp.o
                0x0000000008001734                wirish::priv::board_setup_clock_prescalers()
 .text._ZN6wirish4priv16board_setup_gpioEv
                0x0000000008001764        0x4 /var/folders/hj/xvmq845d4rq0_l026j3g6x8c0000gn/T/arduino-sketch-783AC80E8B34696ACA1CC87DB6CF7DB3/core/wirish/boards_setup.cpp.o
                0x0000000008001764                wirish::priv::board_setup_gpio()
 .text._ZN6wirish4priv15board_setup_usbEv
                0x0000000008001768       0x5c /var/folders/hj/xvmq845d4rq0_l026j3g6x8c0000gn/T/arduino-sketch-783AC80E8B34696ACA1CC87DB6CF7DB3/core/wirish/boards_setup.cpp.o
                0x0000000008001768                wirish::priv::board_setup_usb()
 .text._ZN6wirish4priv11series_initEv
                0x00000000080017c4        0x4 /var/folders/hj/xvmq845d4rq0_l026j3g6x8c0000gn/T/arduino-sketch-783AC80E8B34696ACA1CC87DB6CF7DB3/core/wirish/boards_setup.cpp.o
                0x00000000080017c4                wirish::priv::series_init()
 *fill*         0x00000000080017c8        0x8 
 .text          0x00000000080017d0       0x54 /var/folders/hj/xvmq845d4rq0_l026j3g6x8c0000gn/T/arduino-core-cache/core_0bde13c9a0eea2bfdc716a2fc04bccd4.a(exc.S.o)
                0x00000000080017d0                __exc_nmi
                0x00000000080017d4                __exc_hardfault
                0x00000000080017d8                __exc_memmanage
                0x00000000080017dc                __exc_busfault
                0x00000000080017e0                __exc_usagefault
 .text          0x0000000008001824        0x2 /var/folders/hj/xvmq845d4rq0_l026j3g6x8c0000gn/T/arduino-core-cache/core_0bde13c9a0eea2bfdc716a2fc04bccd4.a(isrs.S.o)
                0x0000000008001824                __irq_rcc
                0x0000000008001824                __exc_debug_monitor
                0x0000000008001824                __exc_svc
                0x0000000008001824                __irq_can_rx1
                0x0000000008001824                __irq_spi2
                0x0000000008001824                __irq_can_sce
                0x0000000008001824                __irq_pvd
                0x0000000008001824                __irq_tamper
                0x0000000008001824                __default_handler
                0x0000000008001824                __irq_wwdg
                0x0000000008001824                __stm32reservedexception10
                0x0000000008001824                __irq_flash
                0x0000000008001824                __stm32reservedexception13
                0x0000000008001824                __irq_rtc
                0x0000000008001824                __irq_spi1
                0x0000000008001824                __stm32reservedexception7
                0x0000000008001824                __irq_usb_hp_can_tx
                0x0000000008001824                __irq_rtcalarm
                0x0000000008001824                __stm32reservedexception8
                0x0000000008001824                __exc_pendsv
                0x0000000008001824                __irq_usbwakeup
                0x0000000008001824                __stm32reservedexception9
 *fill*         0x0000000008001826        0x2 
 .text.adc_init
                0x0000000008001828       0x14 /var/folders/hj/xvmq845d4rq0_l026j3g6x8c0000gn/T/arduino-core-cache/core_0bde13c9a0eea2bfdc716a2fc04bccd4.a(adc.c.o)
                0x0000000008001828                adc_init
 .text.adc_set_extsel
                0x000000000800183c       0x14 /var/folders/hj/xvmq845d4rq0_l026j3g6x8c0000gn/T/arduino-core-cache/core_0bde13c9a0eea2bfdc716a2fc04bccd4.a(adc.c.o)
                0x000000000800183c                adc_set_extsel
 .text.adc_set_sample_rate
                0x0000000008001850       0x40 /var/folders/hj/xvmq845d4rq0_l026j3g6x8c0000gn/T/arduino-core-cache/core_0bde13c9a0eea2bfdc716a2fc04bccd4.a(adc.c.o)
                0x0000000008001850                adc_set_sample_rate
 .text.__irq_adc
                0x0000000008001890       0x54 /var/folders/hj/xvmq845d4rq0_l026j3g6x8c0000gn/T/arduino-core-cache/core_0bde13c9a0eea2bfdc716a2fc04bccd4.a(adc_f1.c.o)
                0x0000000008001890                __irq_adc
 .text.adc_set_prescaler
                0x00000000080018e4        0x8 /var/folders/hj/xvmq845d4rq0_l026j3g6x8c0000gn/T/arduino-core-cache/core_0bde13c9a0eea2bfdc716a2fc04bccd4.a(adc_f1.c.o)
                0x00000000080018e4                adc_set_prescaler
 .text.adc_foreach
                0x00000000080018ec       0x20 /var/folders/hj/xvmq845d4rq0_l026j3g6x8c0000gn/T/arduino-core-cache/core_0bde13c9a0eea2bfdc716a2fc04bccd4.a(adc_f1.c.o)
                0x00000000080018ec                adc_foreach
 .text.adc_enable_single_swstart
                0x000000000800190c       0x50 /var/folders/hj/xvmq845d4rq0_l026j3g6x8c0000gn/T/arduino-core-cache/core_0bde13c9a0eea2bfdc716a2fc04bccd4.a(adc_f1.c.o)
                0x000000000800190c                adc_enable_single_swstart
 .text.__irq_dma1_channel1
                0x000000000800195c       0x18 /var/folders/hj/xvmq845d4rq0_l026j3g6x8c0000gn/T/arduino-core-cache/core_0bde13c9a0eea2bfdc716a2fc04bccd4.a(dma_f1.c.o)
                0x000000000800195c                __irq_dma1_channel1
 .text.__irq_dma1_channel2
                0x0000000008001974       0x18 /var/folders/hj/xvmq845d4rq0_l026j3g6x8c0000gn/T/arduino-core-cache/core_0bde13c9a0eea2bfdc716a2fc04bccd4.a(dma_f1.c.o)
                0x0000000008001974                __irq_dma1_channel2
 .text.__irq_dma1_channel3
                0x000000000800198c       0x1c /var/folders/hj/xvmq845d4rq0_l026j3g6x8c0000gn/T/arduino-core-cache/core_0bde13c9a0eea2bfdc716a2fc04bccd4.a(dma_f1.c.o)
                0x000000000800198c                __irq_dma1_channel3
 .text.__irq_dma1_channel4
                0x00000000080019a8       0x1c /var/folders/hj/xvmq845d4rq0_l026j3g6x8c0000gn/T/arduino-core-cache/core_0bde13c9a0eea2bfdc716a2fc04bccd4.a(dma_f1.c.o)
                0x00000000080019a8                __irq_dma1_channel4
 .text.__irq_dma1_channel5
                0x00000000080019c4       0x1c /var/folders/hj/xvmq845d4rq0_l026j3g6x8c0000gn/T/arduino-core-cache/core_0bde13c9a0eea2bfdc716a2fc04bccd4.a(dma_f1.c.o)
                0x00000000080019c4                __irq_dma1_channel5
 .text.__irq_dma1_channel6
                0x00000000080019e0       0x1c /var/folders/hj/xvmq845d4rq0_l026j3g6x8c0000gn/T/arduino-core-cache/core_0bde13c9a0eea2bfdc716a2fc04bccd4.a(dma_f1.c.o)
                0x00000000080019e0                __irq_dma1_channel6
 .text.__irq_dma1_channel7
                0x00000000080019fc       0x1c /var/folders/hj/xvmq845d4rq0_l026j3g6x8c0000gn/T/arduino-core-cache/core_0bde13c9a0eea2bfdc716a2fc04bccd4.a(dma_f1.c.o)
                0x00000000080019fc                __irq_dma1_channel7
 .text.__irq_exti0
                0x0000000008001a18       0x20 /var/folders/hj/xvmq845d4rq0_l026j3g6x8c0000gn/T/arduino-core-cache/core_0bde13c9a0eea2bfdc716a2fc04bccd4.a(exti.c.o)
                0x0000000008001a18                __irq_exti0
 .text.__irq_exti1
                0x0000000008001a38       0x20 /var/folders/hj/xvmq845d4rq0_l026j3g6x8c0000gn/T/arduino-core-cache/core_0bde13c9a0eea2bfdc716a2fc04bccd4.a(exti.c.o)
                0x0000000008001a38                __irq_exti1
 .text.__irq_exti2
                0x0000000008001a58       0x20 /var/folders/hj/xvmq845d4rq0_l026j3g6x8c0000gn/T/arduino-core-cache/core_0bde13c9a0eea2bfdc716a2fc04bccd4.a(exti.c.o)
                0x0000000008001a58                __irq_exti2
 .text.__irq_exti3
                0x0000000008001a78       0x20 /var/folders/hj/xvmq845d4rq0_l026j3g6x8c0000gn/T/arduino-core-cache/core_0bde13c9a0eea2bfdc716a2fc04bccd4.a(exti.c.o)
                0x0000000008001a78                __irq_exti3
 .text.__irq_exti4
                0x0000000008001a98       0x20 /var/folders/hj/xvmq845d4rq0_l026j3g6x8c0000gn/T/arduino-core-cache/core_0bde13c9a0eea2bfdc716a2fc04bccd4.a(exti.c.o)
                0x0000000008001a98                __irq_exti4
 .text.__irq_exti9_5
                0x0000000008001ab8       0x48 /var/folders/hj/xvmq845d4rq0_l026j3g6x8c0000gn/T/arduino-core-cache/core_0bde13c9a0eea2bfdc716a2fc04bccd4.a(exti.c.o)
                0x0000000008001ab8                __irq_exti9_5
 .text.__irq_exti15_10
                0x0000000008001b00       0x48 /var/folders/hj/xvmq845d4rq0_l026j3g6x8c0000gn/T/arduino-core-cache/core_0bde13c9a0eea2bfdc716a2fc04bccd4.a(exti.c.o)
                0x0000000008001b00                __irq_exti15_10
 .text.flash_set_latency
                0x0000000008001b48       0x14 /var/folders/hj/xvmq845d4rq0_l026j3g6x8c0000gn/T/arduino-core-cache/core_0bde13c9a0eea2bfdc716a2fc04bccd4.a(flash.c.o)
                0x0000000008001b48                flash_set_latency
 .text.gpio_init_all
                0x0000000008001b5c       0x30 /var/folders/hj/xvmq845d4rq0_l026j3g6x8c0000gn/T/arduino-core-cache/core_0bde13c9a0eea2bfdc716a2fc04bccd4.a(gpio_f1.c.o)
                0x0000000008001b5c                gpio_init_all
 .text.gpio_set_mode
                0x0000000008001b8c       0x5c /var/folders/hj/xvmq845d4rq0_l026j3g6x8c0000gn/T/arduino-core-cache/core_0bde13c9a0eea2bfdc716a2fc04bccd4.a(gpio_f1.c.o)
                0x0000000008001b8c                gpio_set_mode
 .text.afio_init
                0x0000000008001be8       0x14 /var/folders/hj/xvmq845d4rq0_l026j3g6x8c0000gn/T/arduino-core-cache/core_0bde13c9a0eea2bfdc716a2fc04bccd4.a(gpio_f1.c.o)
                0x0000000008001be8                afio_init
 .text.__irq_i2c1_ev
                0x0000000008001bfc        0xc /var/folders/hj/xvmq845d4rq0_l026j3g6x8c0000gn/T/arduino-core-cache/core_0bde13c9a0eea2bfdc716a2fc04bccd4.a(i2c_f1.c.o)
                0x0000000008001bfc                __irq_i2c1_ev
 .text.__irq_i2c2_ev
                0x0000000008001c08        0xc /var/folders/hj/xvmq845d4rq0_l026j3g6x8c0000gn/T/arduino-core-cache/core_0bde13c9a0eea2bfdc716a2fc04bccd4.a(i2c_f1.c.o)
                0x0000000008001c08                __irq_i2c2_ev
 .text.__irq_i2c1_er
                0x0000000008001c14        0xc /var/folders/hj/xvmq845d4rq0_l026j3g6x8c0000gn/T/arduino-core-cache/core_0bde13c9a0eea2bfdc716a2fc04bccd4.a(i2c_f1.c.o)
                0x0000000008001c14                __irq_i2c1_er
 .text.__irq_i2c2_er
                0x0000000008001c20        0xc /var/folders/hj/xvmq845d4rq0_l026j3g6x8c0000gn/T/arduino-core-cache/core_0bde13c9a0eea2bfdc716a2fc04bccd4.a(i2c_f1.c.o)
                0x0000000008001c20                __irq_i2c2_er
 .text.nvic_init
                0x0000000008001c2c       0x34 /var/folders/hj/xvmq845d4rq0_l026j3g6x8c0000gn/T/arduino-core-cache/core_0bde13c9a0eea2bfdc716a2fc04bccd4.a(nvic.c.o)
                0x0000000008001c2c                nvic_init
 .text.nvic_sys_reset
                0x0000000008001c60       0x1c /var/folders/hj/xvmq845d4rq0_l026j3g6x8c0000gn/T/arduino-core-cache/core_0bde13c9a0eea2bfdc716a2fc04bccd4.a(nvic.c.o)
                0x0000000008001c60                nvic_sys_reset
 .text.rcc_dev_clk
                0x0000000008001c7c        0xc /var/folders/hj/xvmq845d4rq0_l026j3g6x8c0000gn/T/arduino-core-cache/core_0bde13c9a0eea2bfdc716a2fc04bccd4.a(rcc.c.o)
                0x0000000008001c7c                rcc_dev_clk
 .text.rcc_switch_sysclk
                0x0000000008001c88       0x24 /var/folders/hj/xvmq845d4rq0_l026j3g6x8c0000gn/T/arduino-core-cache/core_0bde13c9a0eea2bfdc716a2fc04bccd4.a(rcc.c.o)
                0x0000000008001c88                rcc_switch_sysclk
 .text.rcc_turn_on_clk
                0x0000000008001cac       0x1c /var/folders/hj/xvmq845d4rq0_l026j3g6x8c0000gn/T/arduino-core-cache/core_0bde13c9a0eea2bfdc716a2fc04bccd4.a(rcc.c.o)
                0x0000000008001cac                rcc_turn_on_clk
 .text.rcc_turn_off_clk
                0x0000000008001cc8       0x1c /var/folders/hj/xvmq845d4rq0_l026j3g6x8c0000gn/T/arduino-core-cache/core_0bde13c9a0eea2bfdc716a2fc04bccd4.a(rcc.c.o)
                0x0000000008001cc8                rcc_turn_off_clk
 .text.rcc_is_clk_ready
                0x0000000008001ce4       0x18 /var/folders/hj/xvmq845d4rq0_l026j3g6x8c0000gn/T/arduino-core-cache/core_0bde13c9a0eea2bfdc716a2fc04bccd4.a(rcc.c.o)
                0x0000000008001ce4                rcc_is_clk_ready
 .text.rcc_configure_pll
                0x0000000008001cfc       0x1c /var/folders/hj/xvmq845d4rq0_l026j3g6x8c0000gn/T/arduino-core-cache/core_0bde13c9a0eea2bfdc716a2fc04bccd4.a(rcc_f1.c.o)
                0x0000000008001cfc                rcc_configure_pll
 .text.rcc_clk_enable
                0x0000000008001d18       0x30 /var/folders/hj/xvmq845d4rq0_l026j3g6x8c0000gn/T/arduino-core-cache/core_0bde13c9a0eea2bfdc716a2fc04bccd4.a(rcc_f1.c.o)
                0x0000000008001d18                rcc_clk_enable
 .text.rcc_reset_dev
                0x0000000008001d48       0x34 /var/folders/hj/xvmq845d4rq0_l026j3g6x8c0000gn/T/arduino-core-cache/core_0bde13c9a0eea2bfdc716a2fc04bccd4.a(rcc_f1.c.o)
                0x0000000008001d48                rcc_reset_dev
 .text.rcc_set_prescaler
                0x0000000008001d7c       0x20 /var/folders/hj/xvmq845d4rq0_l026j3g6x8c0000gn/T/arduino-core-cache/core_0bde13c9a0eea2bfdc716a2fc04bccd4.a(rcc_f1.c.o)
                0x0000000008001d7c                rcc_set_prescaler
 .text.rcc_clk_disable
                0x0000000008001d9c       0x30 /var/folders/hj/xvmq845d4rq0_l026j3g6x8c0000gn/T/arduino-core-cache/core_0bde13c9a0eea2bfdc716a2fc04bccd4.a(rcc_f1.c.o)
                0x0000000008001d9c                rcc_clk_disable
 .text.systick_init
                0x0000000008001dcc       0x10 /var/folders/hj/xvmq845d4rq0_l026j3g6x8c0000gn/T/arduino-core-cache/core_0bde13c9a0eea2bfdc716a2fc04bccd4.a(systick.c.o)
                0x0000000008001dcc                systick_init
 .text.__exc_systick
                0x0000000008001ddc       0x1c /var/folders/hj/xvmq845d4rq0_l026j3g6x8c0000gn/T/arduino-core-cache/core_0bde13c9a0eea2bfdc716a2fc04bccd4.a(systick.c.o)
                0x0000000008001ddc                __exc_systick
 .text.timer_foreach
                0x0000000008001df8       0x2c /var/folders/hj/xvmq845d4rq0_l026j3g6x8c0000gn/T/arduino-core-cache/core_0bde13c9a0eea2bfdc716a2fc04bccd4.a(timer.c.o)
                0x0000000008001df8                timer_foreach
 .text.timer_init
                0x0000000008001e24       0x14 /var/folders/hj/xvmq845d4rq0_l026j3g6x8c0000gn/T/arduino-core-cache/core_0bde13c9a0eea2bfdc716a2fc04bccd4.a(timer.c.o)
                0x0000000008001e24                timer_init
 .text.timer_has_cc_channel
                0x0000000008001e38       0x34 /var/folders/hj/xvmq845d4rq0_l026j3g6x8c0000gn/T/arduino-core-cache/core_0bde13c9a0eea2bfdc716a2fc04bccd4.a(timer.c.o)
                0x0000000008001e38                timer_has_cc_channel
 .text.__irq_tim1_brk
                0x0000000008001e6c       0x24 /var/folders/hj/xvmq845d4rq0_l026j3g6x8c0000gn/T/arduino-core-cache/core_0bde13c9a0eea2bfdc716a2fc04bccd4.a(timer.c.o)
                0x0000000008001e6c                __irq_tim1_brk
 .text.__irq_tim1_up
                0x0000000008001e90       0x24 /var/folders/hj/xvmq845d4rq0_l026j3g6x8c0000gn/T/arduino-core-cache/core_0bde13c9a0eea2bfdc716a2fc04bccd4.a(timer.c.o)
                0x0000000008001e90                __irq_tim1_up
 .text.__irq_tim1_trg_com
                0x0000000008001eb4       0x3c /var/folders/hj/xvmq845d4rq0_l026j3g6x8c0000gn/T/arduino-core-cache/core_0bde13c9a0eea2bfdc716a2fc04bccd4.a(timer.c.o)
                0x0000000008001eb4                __irq_tim1_trg_com
 .text.__irq_tim1_cc
                0x0000000008001ef0       0x64 /var/folders/hj/xvmq845d4rq0_l026j3g6x8c0000gn/T/arduino-core-cache/core_0bde13c9a0eea2bfdc716a2fc04bccd4.a(timer.c.o)
                0x0000000008001ef0                __irq_tim1_cc
 .text.__irq_tim2
                0x0000000008001f54       0x80 /var/folders/hj/xvmq845d4rq0_l026j3g6x8c0000gn/T/arduino-core-cache/core_0bde13c9a0eea2bfdc716a2fc04bccd4.a(timer.c.o)
                0x0000000008001f54                __irq_tim2
 .text.__irq_tim3
                0x0000000008001fd4       0x80 /var/folders/hj/xvmq845d4rq0_l026j3g6x8c0000gn/T/arduino-core-cache/core_0bde13c9a0eea2bfdc716a2fc04bccd4.a(timer.c.o)
                0x0000000008001fd4                __irq_tim3
 .text.__irq_tim4
                0x0000000008002054       0x80 /var/folders/hj/xvmq845d4rq0_l026j3g6x8c0000gn/T/arduino-core-cache/core_0bde13c9a0eea2bfdc716a2fc04bccd4.a(timer.c.o)
                0x0000000008002054                __irq_tim4
 .text.__irq_usart1
                0x00000000080020d4       0xd4 /var/folders/hj/xvmq845d4rq0_l026j3g6x8c0000gn/T/arduino-core-cache/core_0bde13c9a0eea2bfdc716a2fc04bccd4.a(usart_f1.c.o)
                0x00000000080020d4                __irq_usart1
 .text.__irq_usart2
                0x00000000080021a8       0xd4 /var/folders/hj/xvmq845d4rq0_l026j3g6x8c0000gn/T/arduino-core-cache/core_0bde13c9a0eea2bfdc716a2fc04bccd4.a(usart_f1.c.o)
                0x00000000080021a8                __irq_usart2
 .text.__irq_usart3
                0x000000000800227c       0xd4 /var/folders/hj/xvmq845d4rq0_l026j3g6x8c0000gn/T/arduino-core-cache/core_0bde13c9a0eea2bfdc716a2fc04bccd4.a(usart_f1.c.o)
                0x000000000800227c                __irq_usart3
 .text.usb_resume
                0x0000000008002350       0xcc /var/folders/hj/xvmq845d4rq0_l026j3g6x8c0000gn/T/arduino-core-cache/core_0bde13c9a0eea2bfdc716a2fc04bccd4.a(usb.c.o)
 .text.usb_init_usblib
                0x000000000800241c       0x4c /var/folders/hj/xvmq845d4rq0_l026j3g6x8c0000gn/T/arduino-core-cache/core_0bde13c9a0eea2bfdc716a2fc04bccd4.a(usb.c.o)
                0x000000000800241c                usb_init_usblib
 .text.__irq_usb_lp_can_rx0
                0x0000000008002468      0x1dc /var/folders/hj/xvmq845d4rq0_l026j3g6x8c0000gn/T/arduino-core-cache/core_0bde13c9a0eea2bfdc716a2fc04bccd4.a(usb.c.o)
                0x0000000008002468                __irq_usb_lp_can_rx0
 .text.vcomDataTxCb
                0x0000000008002644       0xac /var/folders/hj/xvmq845d4rq0_l026j3g6x8c0000gn/T/arduino-core-cache/core_0bde13c9a0eea2bfdc716a2fc04bccd4.a(usb_cdcacm.c.o)
 .text.vcomDataRxCb
                0x00000000080026f0       0xb4 /var/folders/hj/xvmq845d4rq0_l026j3g6x8c0000gn/T/arduino-core-cache/core_0bde13c9a0eea2bfdc716a2fc04bccd4.a(usb_cdcacm.c.o)
 .text.vcomGetSetLineCoding
                0x00000000080027a4       0x18 /var/folders/hj/xvmq845d4rq0_l026j3g6x8c0000gn/T/arduino-core-cache/core_0bde13c9a0eea2bfdc716a2fc04bccd4.a(usb_cdcacm.c.o)
 .text.usbInit  0x00000000080027bc       0x48 /var/folders/hj/xvmq845d4rq0_l026j3g6x8c0000gn/T/arduino-core-cache/core_0bde13c9a0eea2bfdc716a2fc04bccd4.a(usb_cdcacm.c.o)
 .text.usbNoDataSetup
                0x0000000008002804       0x54 /var/folders/hj/xvmq845d4rq0_l026j3g6x8c0000gn/T/arduino-core-cache/core_0bde13c9a0eea2bfdc716a2fc04bccd4.a(usb_cdcacm.c.o)
 .text.usbGetInterfaceSetting
                0x0000000008002858       0x10 /var/folders/hj/xvmq845d4rq0_l026j3g6x8c0000gn/T/arduino-core-cache/core_0bde13c9a0eea2bfdc716a2fc04bccd4.a(usb_cdcacm.c.o)
 .text.usbSetConfiguration
                0x0000000008002868       0x1c /var/folders/hj/xvmq845d4rq0_l026j3g6x8c0000gn/T/arduino-core-cache/core_0bde13c9a0eea2bfdc716a2fc04bccd4.a(usb_cdcacm.c.o)
 .text.usbSetDeviceAddress
                0x0000000008002884       0x10 /var/folders/hj/xvmq845d4rq0_l026j3g6x8c0000gn/T/arduino-core-cache/core_0bde13c9a0eea2bfdc716a2fc04bccd4.a(usb_cdcacm.c.o)
 .text.usbGetStringDescriptor
                0x0000000008002894       0x20 /var/folders/hj/xvmq845d4rq0_l026j3g6x8c0000gn/T/arduino-core-cache/core_0bde13c9a0eea2bfdc716a2fc04bccd4.a(usb_cdcacm.c.o)
 .text.usbGetConfigDescriptor
                0x00000000080028b4        0xc /var/folders/hj/xvmq845d4rq0_l026j3g6x8c0000gn/T/arduino-core-cache/core_0bde13c9a0eea2bfdc716a2fc04bccd4.a(usb_cdcacm.c.o)
 .text.usbGetDeviceDescriptor
                0x00000000080028c0        0xc /var/folders/hj/xvmq845d4rq0_l026j3g6x8c0000gn/T/arduino-core-cache/core_0bde13c9a0eea2bfdc716a2fc04bccd4.a(usb_cdcacm.c.o)
 .text.usbReset
                0x00000000080028cc      0x174 /var/folders/hj/xvmq845d4rq0_l026j3g6x8c0000gn/T/arduino-core-cache/core_0bde13c9a0eea2bfdc716a2fc04bccd4.a(usb_cdcacm.c.o)
 .text.usbDataSetup
                0x0000000008002a40       0x68 /var/folders/hj/xvmq845d4rq0_l026j3g6x8c0000gn/T/arduino-core-cache/core_0bde13c9a0eea2bfdc716a2fc04bccd4.a(usb_cdcacm.c.o)
 .text.usb_cdcacm_set_hooks
                0x0000000008002aa8       0x1c /var/folders/hj/xvmq845d4rq0_l026j3g6x8c0000gn/T/arduino-core-cache/core_0bde13c9a0eea2bfdc716a2fc04bccd4.a(usb_cdcacm.c.o)
                0x0000000008002aa8                usb_cdcacm_set_hooks
 .text.usb_cdcacm_enable
                0x0000000008002ac4       0x34 /var/folders/hj/xvmq845d4rq0_l026j3g6x8c0000gn/T/arduino-core-cache/core_0bde13c9a0eea2bfdc716a2fc04bccd4.a(usb_cdcacm.c.o)
                0x0000000008002ac4                usb_cdcacm_enable
 .text.usb_cdcacm_tx
                0x0000000008002af8       0x6c /var/folders/hj/xvmq845d4rq0_l026j3g6x8c0000gn/T/arduino-core-cache/core_0bde13c9a0eea2bfdc716a2fc04bccd4.a(usb_cdcacm.c.o)
                0x0000000008002af8                usb_cdcacm_tx
 .text.usb_cdcacm_data_available
                0x0000000008002b64       0x18 /var/folders/hj/xvmq845d4rq0_l026j3g6x8c0000gn/T/arduino-core-cache/core_0bde13c9a0eea2bfdc716a2fc04bccd4.a(usb_cdcacm.c.o)
                0x0000000008002b64                usb_cdcacm_data_available
 .text.usb_cdcacm_rx
                0x0000000008002b7c       0x70 /var/folders/hj/xvmq845d4rq0_l026j3g6x8c0000gn/T/arduino-core-cache/core_0bde13c9a0eea2bfdc716a2fc04bccd4.a(usb_cdcacm.c.o)
                0x0000000008002b7c                usb_cdcacm_rx
 .text.usb_cdcacm_peek
                0x0000000008002bec       0x3c /var/folders/hj/xvmq845d4rq0_l026j3g6x8c0000gn/T/arduino-core-cache/core_0bde13c9a0eea2bfdc716a2fc04bccd4.a(usb_cdcacm.c.o)
                0x0000000008002bec                usb_cdcacm_peek
 .text.usb_cdcacm_peek_ex
                0x0000000008002c28       0x44 /var/folders/hj/xvmq845d4rq0_l026j3g6x8c0000gn/T/arduino-core-cache/core_0bde13c9a0eea2bfdc716a2fc04bccd4.a(usb_cdcacm.c.o)
                0x0000000008002c28                usb_cdcacm_peek_ex
 .text.usb_cdcacm_get_dtr
                0x0000000008002c6c       0x10 /var/folders/hj/xvmq845d4rq0_l026j3g6x8c0000gn/T/arduino-core-cache/core_0bde13c9a0eea2bfdc716a2fc04bccd4.a(usb_cdcacm.c.o)
                0x0000000008002c6c                usb_cdcacm_get_dtr
 .text.usb_set_ep_rx_count
                0x0000000008002c7c       0x40 /var/folders/hj/xvmq845d4rq0_l026j3g6x8c0000gn/T/arduino-core-cache/core_0bde13c9a0eea2bfdc716a2fc04bccd4.a(usb_reg_map.c.o)
                0x0000000008002c7c                usb_set_ep_rx_count
 .text.Standard_GetConfiguration
                0x0000000008002cbc       0x28 /var/folders/hj/xvmq845d4rq0_l026j3g6x8c0000gn/T/arduino-core-cache/core_0bde13c9a0eea2bfdc716a2fc04bccd4.a(usb_core.c.o)
                0x0000000008002cbc                Standard_GetConfiguration
 .text.Standard_GetInterface
                0x0000000008002ce4       0x28 /var/folders/hj/xvmq845d4rq0_l026j3g6x8c0000gn/T/arduino-core-cache/core_0bde13c9a0eea2bfdc716a2fc04bccd4.a(usb_core.c.o)
                0x0000000008002ce4                Standard_GetInterface
 .text.Standard_GetStatus
                0x0000000008002d0c       0x8c /var/folders/hj/xvmq845d4rq0_l026j3g6x8c0000gn/T/arduino-core-cache/core_0bde13c9a0eea2bfdc716a2fc04bccd4.a(usb_core.c.o)
                0x0000000008002d0c                Standard_GetStatus
 .text.DataStageIn
                0x0000000008002d98       0xb0 /var/folders/hj/xvmq845d4rq0_l026j3g6x8c0000gn/T/arduino-core-cache/core_0bde13c9a0eea2bfdc716a2fc04bccd4.a(usb_core.c.o)
 .text.Standard_ClearFeature
                0x0000000008002e48       0xc4 /var/folders/hj/xvmq845d4rq0_l026j3g6x8c0000gn/T/arduino-core-cache/core_0bde13c9a0eea2bfdc716a2fc04bccd4.a(usb_core.c.o)
                0x0000000008002e48                Standard_ClearFeature
 .text.Standard_SetEndPointFeature
                0x0000000008002f0c       0x7c /var/folders/hj/xvmq845d4rq0_l026j3g6x8c0000gn/T/arduino-core-cache/core_0bde13c9a0eea2bfdc716a2fc04bccd4.a(usb_core.c.o)
                0x0000000008002f0c                Standard_SetEndPointFeature
 .text.Standard_GetDescriptorData
                0x0000000008002f88       0x1c /var/folders/hj/xvmq845d4rq0_l026j3g6x8c0000gn/T/arduino-core-cache/core_0bde13c9a0eea2bfdc716a2fc04bccd4.a(usb_core.c.o)
                0x0000000008002f88                Standard_GetDescriptorData
 .text.Setup0_Process
                0x0000000008002fa4      0x3bc /var/folders/hj/xvmq845d4rq0_l026j3g6x8c0000gn/T/arduino-core-cache/core_0bde13c9a0eea2bfdc716a2fc04bccd4.a(usb_core.c.o)
                0x0000000008002fa4                Setup0_Process
 .text.In0_Process
                0x0000000008003360       0xc0 /var/folders/hj/xvmq845d4rq0_l026j3g6x8c0000gn/T/arduino-core-cache/core_0bde13c9a0eea2bfdc716a2fc04bccd4.a(usb_core.c.o)
                0x0000000008003360                In0_Process
 .text.Out0_Process
                0x0000000008003420      0x108 /var/folders/hj/xvmq845d4rq0_l026j3g6x8c0000gn/T/arduino-core-cache/core_0bde13c9a0eea2bfdc716a2fc04bccd4.a(usb_core.c.o)
                0x0000000008003420                Out0_Process
 .text.SetDeviceAddress
                0x0000000008003528       0x38 /var/folders/hj/xvmq845d4rq0_l026j3g6x8c0000gn/T/arduino-core-cache/core_0bde13c9a0eea2bfdc716a2fc04bccd4.a(usb_core.c.o)
                0x0000000008003528                SetDeviceAddress
 .text.NOP_Process
                0x0000000008003560        0x4 /var/folders/hj/xvmq845d4rq0_l026j3g6x8c0000gn/T/arduino-core-cache/core_0bde13c9a0eea2bfdc716a2fc04bccd4.a(usb_core.c.o)
                0x0000000008003560                NOP_Process
 .text.UserToPMABufferCopy
                0x0000000008003564       0x20 /var/folders/hj/xvmq845d4rq0_l026j3g6x8c0000gn/T/arduino-core-cache/core_0bde13c9a0eea2bfdc716a2fc04bccd4.a(usb_mem.c.o)
                0x0000000008003564                UserToPMABufferCopy
 .text.PMAToUserBufferCopy
                0x0000000008003584       0x44 /var/folders/hj/xvmq845d4rq0_l026j3g6x8c0000gn/T/arduino-core-cache/core_0bde13c9a0eea2bfdc716a2fc04bccd4.a(usb_mem.c.o)
                0x0000000008003584                PMAToUserBufferCopy
 .text.SetEPTxStatus
                0x00000000080035c8       0x2c /var/folders/hj/xvmq845d4rq0_l026j3g6x8c0000gn/T/arduino-core-cache/core_0bde13c9a0eea2bfdc716a2fc04bccd4.a(usb_regs.c.o)
                0x00000000080035c8                SetEPTxStatus
 .text.ClearDTOG_RX
                0x00000000080035f4       0x20 /var/folders/hj/xvmq845d4rq0_l026j3g6x8c0000gn/T/arduino-core-cache/core_0bde13c9a0eea2bfdc716a2fc04bccd4.a(usb_regs.c.o)
                0x00000000080035f4                ClearDTOG_RX
 .text.ClearDTOG_TX
                0x0000000008003614       0x20 /var/folders/hj/xvmq845d4rq0_l026j3g6x8c0000gn/T/arduino-core-cache/core_0bde13c9a0eea2bfdc716a2fc04bccd4.a(usb_regs.c.o)
                0x0000000008003614                ClearDTOG_TX
 .text.GetEPTxAddr
                0x0000000008003634       0x1c /var/folders/hj/xvmq845d4rq0_l026j3g6x8c0000gn/T/arduino-core-cache/core_0bde13c9a0eea2bfdc716a2fc04bccd4.a(usb_regs.c.o)
                0x0000000008003634                GetEPTxAddr
 .text.GetEPRxAddr
                0x0000000008003650       0x1c /var/folders/hj/xvmq845d4rq0_l026j3g6x8c0000gn/T/arduino-core-cache/core_0bde13c9a0eea2bfdc716a2fc04bccd4.a(usb_regs.c.o)
                0x0000000008003650                GetEPRxAddr
 .text.SetEPTxCount
                0x000000000800366c       0x1c /var/folders/hj/xvmq845d4rq0_l026j3g6x8c0000gn/T/arduino-core-cache/core_0bde13c9a0eea2bfdc716a2fc04bccd4.a(usb_regs.c.o)
                0x000000000800366c                SetEPTxCount
 .text.SetEPRxCount
                0x0000000008003688       0x44 /var/folders/hj/xvmq845d4rq0_l026j3g6x8c0000gn/T/arduino-core-cache/core_0bde13c9a0eea2bfdc716a2fc04bccd4.a(usb_regs.c.o)
                0x0000000008003688                SetEPRxCount
 .text.usart_putstr
                0x00000000080036cc       0x30 /var/folders/hj/xvmq845d4rq0_l026j3g6x8c0000gn/T/arduino-core-cache/core_0bde13c9a0eea2bfdc716a2fc04bccd4.a(util.c.o)
 .text.throb    0x00000000080036fc       0x64 /var/folders/hj/xvmq845d4rq0_l026j3g6x8c0000gn/T/arduino-core-cache/core_0bde13c9a0eea2bfdc716a2fc04bccd4.a(util.c.o)
                0x00000000080036fc                throb
 .text.__error  0x0000000008003760       0x14 /var/folders/hj/xvmq845d4rq0_l026j3g6x8c0000gn/T/arduino-core-cache/core_0bde13c9a0eea2bfdc716a2fc04bccd4.a(util.c.o)
                0x0000000008003760                __error
 .text._fail    0x0000000008003774       0x84 /var/folders/hj/xvmq845d4rq0_l026j3g6x8c0000gn/T/arduino-core-cache/core_0bde13c9a0eea2bfdc716a2fc04bccd4.a(util.c.o)
                0x0000000008003774                _fail
 .text.__assert_func
                0x00000000080037f8        0x8 /var/folders/hj/xvmq845d4rq0_l026j3g6x8c0000gn/T/arduino-core-cache/core_0bde13c9a0eea2bfdc716a2fc04bccd4.a(util.c.o)
                0x00000000080037f8                __assert_func
 .text._ZN14HardwareSerial4readEv
                0x0000000008003800       0x48 /var/folders/hj/xvmq845d4rq0_l026j3g6x8c0000gn/T/arduino-core-cache/core_0bde13c9a0eea2bfdc716a2fc04bccd4.a(HardwareSerial.cpp.o)
                0x0000000008003800                HardwareSerial::read()
 .text._ZN14HardwareSerial9availableEv
                0x0000000008003848       0x20 /var/folders/hj/xvmq845d4rq0_l026j3g6x8c0000gn/T/arduino-core-cache/core_0bde13c9a0eea2bfdc716a2fc04bccd4.a(HardwareSerial.cpp.o)
                0x0000000008003848                HardwareSerial::available()
 .text._ZN14HardwareSerial4peekEv
                0x0000000008003868       0x20 /var/folders/hj/xvmq845d4rq0_l026j3g6x8c0000gn/T/arduino-core-cache/core_0bde13c9a0eea2bfdc716a2fc04bccd4.a(HardwareSerial.cpp.o)
                0x0000000008003868                HardwareSerial::peek()
 .text._ZN14HardwareSerial5flushEv
                0x0000000008003888       0x18 /var/folders/hj/xvmq845d4rq0_l026j3g6x8c0000gn/T/arduino-core-cache/core_0bde13c9a0eea2bfdc716a2fc04bccd4.a(HardwareSerial.cpp.o)
                0x0000000008003888                HardwareSerial::flush()
 .text._ZN14HardwareSerial5writeEh
                0x00000000080038a0       0x20 /var/folders/hj/xvmq845d4rq0_l026j3g6x8c0000gn/T/arduino-core-cache/core_0bde13c9a0eea2bfdc716a2fc04bccd4.a(HardwareSerial.cpp.o)
                0x00000000080038a0                HardwareSerial::write(unsigned char)
 .text._ZN14HardwareSerialC2EP9usart_devhh
                0x00000000080038c0       0x20 /var/folders/hj/xvmq845d4rq0_l026j3g6x8c0000gn/T/arduino-core-cache/core_0bde13c9a0eea2bfdc716a2fc04bccd4.a(HardwareSerial.cpp.o)
                0x00000000080038c0                HardwareSerial::HardwareSerial(usart_dev*, unsigned char, unsigned char)
                0x00000000080038c0                HardwareSerial::HardwareSerial(usart_dev*, unsigned char, unsigned char)
 .text._ZN5Print5writeEPKvm
                0x00000000080038e0       0x20 /var/folders/hj/xvmq845d4rq0_l026j3g6x8c0000gn/T/arduino-core-cache/core_0bde13c9a0eea2bfdc716a2fc04bccd4.a(Print.cpp.o)
                0x00000000080038e0                Print::write(void const*, unsigned long)
 .text._ZN5Print5writeEPKc
                0x0000000008003900       0x50 /var/folders/hj/xvmq845d4rq0_l026j3g6x8c0000gn/T/arduino-core-cache/core_0bde13c9a0eea2bfdc716a2fc04bccd4.a(Print.cpp.o)
                0x0000000008003900                Print::write(char const*)
 .text._ZN5Print5printEhi
                0x0000000008003950       0x84 /var/folders/hj/xvmq845d4rq0_l026j3g6x8c0000gn/T/arduino-core-cache/core_0bde13c9a0eea2bfdc716a2fc04bccd4.a(Print.cpp.o)
                0x0000000008003950                Print::print(unsigned char, int)
 .text._ZN5Print5printEPKc
                0x00000000080039d4       0x64 /var/folders/hj/xvmq845d4rq0_l026j3g6x8c0000gn/T/arduino-core-cache/core_0bde13c9a0eea2bfdc716a2fc04bccd4.a(Print.cpp.o)
                0x00000000080039d4                Print::print(char const*)
 .text._ZN5Print5printEii
                0x0000000008003a38       0x98 /var/folders/hj/xvmq845d4rq0_l026j3g6x8c0000gn/T/arduino-core-cache/core_0bde13c9a0eea2bfdc716a2fc04bccd4.a(Print.cpp.o)
                0x0000000008003a38                Print::print(int, int)
 .text._ZN5Print5printEji
                0x0000000008003ad0       0x7c /var/folders/hj/xvmq845d4rq0_l026j3g6x8c0000gn/T/arduino-core-cache/core_0bde13c9a0eea2bfdc716a2fc04bccd4.a(Print.cpp.o)
                0x0000000008003ad0                Print::print(unsigned int, int)
 .text._ZN5Print5printEmi
                0x0000000008003b4c       0x7c /var/folders/hj/xvmq845d4rq0_l026j3g6x8c0000gn/T/arduino-core-cache/core_0bde13c9a0eea2bfdc716a2fc04bccd4.a(Print.cpp.o)
                0x0000000008003b4c                Print::print(unsigned long, int)
 .text._ZN5Print5printEPK19__FlashStringHelper
                0x0000000008003bc8       0x64 /var/folders/hj/xvmq845d4rq0_l026j3g6x8c0000gn/T/arduino-core-cache/core_0bde13c9a0eea2bfdc716a2fc04bccd4.a(Print.cpp.o)
                0x0000000008003bc8                Print::print(__FlashStringHelper const*)
 .text._ZN5Print7printlnEv
                0x0000000008003c2c       0x1c /var/folders/hj/xvmq845d4rq0_l026j3g6x8c0000gn/T/arduino-core-cache/core_0bde13c9a0eea2bfdc716a2fc04bccd4.a(Print.cpp.o)
                0x0000000008003c2c                Print::println()
 .text._ZN5Print7printlnEPKc
                0x0000000008003c48       0x78 /var/folders/hj/xvmq845d4rq0_l026j3g6x8c0000gn/T/arduino-core-cache/core_0bde13c9a0eea2bfdc716a2fc04bccd4.a(Print.cpp.o)
                0x0000000008003c48                Print::println(char const*)
 .text._ZN5Print7printlnEji
                0x0000000008003cc0       0x98 /var/folders/hj/xvmq845d4rq0_l026j3g6x8c0000gn/T/arduino-core-cache/core_0bde13c9a0eea2bfdc716a2fc04bccd4.a(Print.cpp.o)
                0x0000000008003cc0                Print::println(unsigned int, int)
 .text._ZN5Print7printlnEPK19__FlashStringHelper
                0x0000000008003d58       0x78 /var/folders/hj/xvmq845d4rq0_l026j3g6x8c0000gn/T/arduino-core-cache/core_0bde13c9a0eea2bfdc716a2fc04bccd4.a(Print.cpp.o)
                0x0000000008003d58                Print::println(__FlashStringHelper const*)
 .text.startup._Z7premainv
                0x0000000008003dd0        0x4 /var/folders/hj/xvmq845d4rq0_l026j3g6x8c0000gn/T/arduino-core-cache/core_0bde13c9a0eea2bfdc716a2fc04bccd4.a(main.cpp.o)
                0x0000000008003dd0                premain()
 .text.startup.main
                0x0000000008003dd4        0xc /var/folders/hj/xvmq845d4rq0_l026j3g6x8c0000gn/T/arduino-core-cache/core_0bde13c9a0eea2bfdc716a2fc04bccd4.a(main.cpp.o)
                0x0000000008003dd4                main
 .text._ZN9USBSerial9availableEv
                0x0000000008003de0        0x4 /var/folders/hj/xvmq845d4rq0_l026j3g6x8c0000gn/T/arduino-core-cache/core_0bde13c9a0eea2bfdc716a2fc04bccd4.a(usb_serial.cpp.o)
                0x0000000008003de0                USBSerial::available()
 .text._ZN9USBSerial4peekEv
                0x0000000008003de4       0x20 /var/folders/hj/xvmq845d4rq0_l026j3g6x8c0000gn/T/arduino-core-cache/core_0bde13c9a0eea2bfdc716a2fc04bccd4.a(usb_serial.cpp.o)
                0x0000000008003de4                USBSerial::peek()
 .text._ZN9USBSerial4readEv
                0x0000000008003e04       0x20 /var/folders/hj/xvmq845d4rq0_l026j3g6x8c0000gn/T/arduino-core-cache/core_0bde13c9a0eea2bfdc716a2fc04bccd4.a(usb_serial.cpp.o)
                0x0000000008003e04                USBSerial::read()
 .text._ZN9USBSerial5flushEv
                0x0000000008003e24       0x28 /var/folders/hj/xvmq845d4rq0_l026j3g6x8c0000gn/T/arduino-core-cache/core_0bde13c9a0eea2bfdc716a2fc04bccd4.a(usb_serial.cpp.o)
                0x0000000008003e24                USBSerial::flush()
 .text._ZL14ifaceSetupHookjPv
                0x0000000008003e4c       0x3c /var/folders/hj/xvmq845d4rq0_l026j3g6x8c0000gn/T/arduino-core-cache/core_0bde13c9a0eea2bfdc716a2fc04bccd4.a(usb_serial.cpp.o)
 .text._ZL6rxHookjPv
                0x0000000008003e88       0x70 /var/folders/hj/xvmq845d4rq0_l026j3g6x8c0000gn/T/arduino-core-cache/core_0bde13c9a0eea2bfdc716a2fc04bccd4.a(usb_serial.cpp.o)
 .text._ZN9USBSerial5writeEh
                0x0000000008003ef8       0x54 /var/folders/hj/xvmq845d4rq0_l026j3g6x8c0000gn/T/arduino-core-cache/core_0bde13c9a0eea2bfdc716a2fc04bccd4.a(usb_serial.cpp.o)
                0x0000000008003ef8                USBSerial::write(unsigned char)
 .text._ZN9USBSerial5writeEPKc
                0x0000000008003f4c       0x50 /var/folders/hj/xvmq845d4rq0_l026j3g6x8c0000gn/T/arduino-core-cache/core_0bde13c9a0eea2bfdc716a2fc04bccd4.a(usb_serial.cpp.o)
                0x0000000008003f4c                USBSerial::write(char const*)
 .text._ZN9USBSerial5beginEv
                0x0000000008003f9c       0x34 /var/folders/hj/xvmq845d4rq0_l026j3g6x8c0000gn/T/arduino-core-cache/core_0bde13c9a0eea2bfdc716a2fc04bccd4.a(usb_serial.cpp.o)
                0x0000000008003f9c                USBSerial::begin()
 .text._ZN9USBSerial5beginEm
                0x0000000008003fd0       0x40 /var/folders/hj/xvmq845d4rq0_l026j3g6x8c0000gn/T/arduino-core-cache/core_0bde13c9a0eea2bfdc716a2fc04bccd4.a(usb_serial.cpp.o)
                0x0000000008003fd0                USBSerial::begin(unsigned long)
 .text._ZN9USBSerialcvbEv
                0x0000000008004010       0x24 /var/folders/hj/xvmq845d4rq0_l026j3g6x8c0000gn/T/arduino-core-cache/core_0bde13c9a0eea2bfdc716a2fc04bccd4.a(usb_serial.cpp.o)
                0x0000000008004010                USBSerial::operator bool()
 .text.startup._GLOBAL__sub_I__ZN9USBSerial9_hasBegunE
                0x0000000008004034       0x1c /var/folders/hj/xvmq845d4rq0_l026j3g6x8c0000gn/T/arduino-core-cache/core_0bde13c9a0eea2bfdc716a2fc04bccd4.a(usb_serial.cpp.o)
 .text._Z5delaym
                0x0000000008004050       0x80 /var/folders/hj/xvmq845d4rq0_l026j3g6x8c0000gn/T/arduino-core-cache/core_0bde13c9a0eea2bfdc716a2fc04bccd4.a(wirish_time.cpp.o)
                0x0000000008004050                delay(unsigned long)
 .text.__empty  0x00000000080040d0        0x4 /var/folders/hj/xvmq845d4rq0_l026j3g6x8c0000gn/T/arduino-core-cache/core_0bde13c9a0eea2bfdc716a2fc04bccd4.a(hooks.c.o)
                0x00000000080040d0                yield
 .text.bkp_init
                0x00000000080040d4       0x18 /var/folders/hj/xvmq845d4rq0_l026j3g6x8c0000gn/T/arduino-core-cache/core_0bde13c9a0eea2bfdc716a2fc04bccd4.a(bkp_f1.c.o)
                0x00000000080040d4                bkp_init
 .text.bkp_enable_writes
                0x00000000080040ec        0xc /var/folders/hj/xvmq845d4rq0_l026j3g6x8c0000gn/T/arduino-core-cache/core_0bde13c9a0eea2bfdc716a2fc04bccd4.a(bkp_f1.c.o)
                0x00000000080040ec                bkp_enable_writes
 .text.bkp_disable_writes
                0x00000000080040f8        0xc /var/folders/hj/xvmq845d4rq0_l026j3g6x8c0000gn/T/arduino-core-cache/core_0bde13c9a0eea2bfdc716a2fc04bccd4.a(bkp_f1.c.o)
                0x00000000080040f8                bkp_disable_writes
 .text.bkp_write
                0x0000000008004104       0x14 /var/folders/hj/xvmq845d4rq0_l026j3g6x8c0000gn/T/arduino-core-cache/core_0bde13c9a0eea2bfdc716a2fc04bccd4.a(bkp_f1.c.o)
                0x0000000008004104                bkp_write
 .text.gpio_init
                0x0000000008004118       0x14 /var/folders/hj/xvmq845d4rq0_l026j3g6x8c0000gn/T/arduino-core-cache/core_0bde13c9a0eea2bfdc716a2fc04bccd4.a(gpio.c.o)
                0x0000000008004118                gpio_init
 .text._i2c_irq_handler
                0x000000000800412c      0x488 /var/folders/hj/xvmq845d4rq0_l026j3g6x8c0000gn/T/arduino-core-cache/core_0bde13c9a0eea2bfdc716a2fc04bccd4.a(i2c.c.o)
                0x000000000800412c                _i2c_irq_handler
 .text._i2c_irq_error_handler
                0x00000000080045b4       0x74 /var/folders/hj/xvmq845d4rq0_l026j3g6x8c0000gn/T/arduino-core-cache/core_0bde13c9a0eea2bfdc716a2fc04bccd4.a(i2c.c.o)
                0x00000000080045b4                _i2c_irq_error_handler
 .text.usart_tx
                0x0000000008004628       0xd0 /var/folders/hj/xvmq845d4rq0_l026j3g6x8c0000gn/T/arduino-core-cache/core_0bde13c9a0eea2bfdc716a2fc04bccd4.a(usart.c.o)
                0x0000000008004628                usart_tx
 .text.usart_putudec
                0x00000000080046f8      0x21c /var/folders/hj/xvmq845d4rq0_l026j3g6x8c0000gn/T/arduino-core-cache/core_0bde13c9a0eea2bfdc716a2fc04bccd4.a(usart.c.o)
                0x00000000080046f8                usart_putudec
 .text          0x0000000008004914       0x30 /Users/lgcampos/Library/Arduino15/packages/arduino/tools/arm-none-eabi-gcc/7-2017q4/bin/../lib/gcc/arm-none-eabi/7.2.1/thumb/v7-m/libgcc.a(_aeabi_uldivmod.o)
                0x0000000008004914                __aeabi_uldivmod
 .text          0x0000000008004944      0x2d0 /Users/lgcampos/Library/Arduino15/packages/arduino/tools/arm-none-eabi-gcc/7-2017q4/bin/../lib/gcc/arm-none-eabi/7.2.1/thumb/v7-m/libgcc.a(_udivmoddi4.o)
                0x0000000008004944                __udivmoddi4
 .text          0x0000000008004c14        0x4 /Users/lgcampos/Library/Arduino15/packages/arduino/tools/arm-none-eabi-gcc/7-2017q4/bin/../lib/gcc/arm-none-eabi/7.2.1/thumb/v7-m/libgcc.a(_dvmd_tls.o)
                0x0000000008004c14                __aeabi_ldiv0
                0x0000000008004c14                __aeabi_idiv0
 .text.calloc   0x0000000008004c18       0x10 /Users/lgcampos/Library/Arduino15/packages/arduino/tools/arm-none-eabi-gcc/7-2017q4/bin/../lib/gcc/arm-none-eabi/7.2.1/../../../../arm-none-eabi/lib/thumb/v7-m/libc.a(lib_a-calloc.o)
                0x0000000008004c18                calloc
 .text._calloc_r
                0x0000000008004c28       0x6c /Users/lgcampos/Library/Arduino15/packages/arduino/tools/arm-none-eabi-gcc/7-2017q4/bin/../lib/gcc/arm-none-eabi/7.2.1/../../../../arm-none-eabi/lib/thumb/v7-m/libc.a(lib_a-callocr.o)
                0x0000000008004c28                _calloc_r
 .text.__errno  0x0000000008004c94        0xc /Users/lgcampos/Library/Arduino15/packages/arduino/tools/arm-none-eabi-gcc/7-2017q4/bin/../lib/gcc/arm-none-eabi/7.2.1/../../../../arm-none-eabi/lib/thumb/v7-m/libc.a(lib_a-errno.o)
                0x0000000008004c94                __errno
 .text.exit     0x0000000008004ca0       0x20 /Users/lgcampos/Library/Arduino15/packages/arduino/tools/arm-none-eabi-gcc/7-2017q4/bin/../lib/gcc/arm-none-eabi/7.2.1/../../../../arm-none-eabi/lib/thumb/v7-m/libc.a(lib_a-exit.o)
                0x0000000008004ca0                exit
 .text.__libc_init_array
                0x0000000008004cc0       0x48 /Users/lgcampos/Library/Arduino15/packages/arduino/tools/arm-none-eabi-gcc/7-2017q4/bin/../lib/gcc/arm-none-eabi/7.2.1/../../../../arm-none-eabi/lib/thumb/v7-m/libc.a(lib_a-init.o)
                0x0000000008004cc0                __libc_init_array
 .text.malloc   0x0000000008004d08       0x10 /Users/lgcampos/Library/Arduino15/packages/arduino/tools/arm-none-eabi-gcc/7-2017q4/bin/../lib/gcc/arm-none-eabi/7.2.1/../../../../arm-none-eabi/lib/thumb/v7-m/libc.a(lib_a-malloc.o)
                0x0000000008004d08                malloc
 .text.free     0x0000000008004d18       0x10 /Users/lgcampos/Library/Arduino15/packages/arduino/tools/arm-none-eabi-gcc/7-2017q4/bin/../lib/gcc/arm-none-eabi/7.2.1/../../../../arm-none-eabi/lib/thumb/v7-m/libc.a(lib_a-malloc.o)
                0x0000000008004d18                free
 .text._malloc_r
                0x0000000008004d28      0x524 /Users/lgcampos/Library/Arduino15/packages/arduino/tools/arm-none-eabi-gcc/7-2017q4/bin/../lib/gcc/arm-none-eabi/7.2.1/../../../../arm-none-eabi/lib/thumb/v7-m/libc.a(lib_a-mallocr.o)
                0x0000000008004d28                _malloc_r
 .text          0x000000000800524c       0xec /Users/lgcampos/Library/Arduino15/packages/arduino/tools/arm-none-eabi-gcc/7-2017q4/bin/../lib/gcc/arm-none-eabi/7.2.1/../../../../arm-none-eabi/lib/thumb/v7-m/libc.a(lib_a-memcpy.o)
                0x000000000800524c                memcpy
 .text.memset   0x0000000008005338       0x94 /Users/lgcampos/Library/Arduino15/packages/arduino/tools/arm-none-eabi-gcc/7-2017q4/bin/../lib/gcc/arm-none-eabi/7.2.1/../../../../arm-none-eabi/lib/thumb/v7-m/libc.a(lib_a-memset.o)
                0x0000000008005338                memset
 .text.__malloc_lock
                0x00000000080053cc        0xc /Users/lgcampos/Library/Arduino15/packages/arduino/tools/arm-none-eabi-gcc/7-2017q4/bin/../lib/gcc/arm-none-eabi/7.2.1/../../../../arm-none-eabi/lib/thumb/v7-m/libc.a(lib_a-mlock.o)
                0x00000000080053cc                __malloc_lock
 .text.__malloc_unlock
                0x00000000080053d8        0xc /Users/lgcampos/Library/Arduino15/packages/arduino/tools/arm-none-eabi-gcc/7-2017q4/bin/../lib/gcc/arm-none-eabi/7.2.1/../../../../arm-none-eabi/lib/thumb/v7-m/libc.a(lib_a-mlock.o)
                0x00000000080053d8                __malloc_unlock
 .text.srand    0x00000000080053e4       0x10 /Users/lgcampos/Library/Arduino15/packages/arduino/tools/arm-none-eabi-gcc/7-2017q4/bin/../lib/gcc/arm-none-eabi/7.2.1/../../../../arm-none-eabi/lib/thumb/v7-m/libc.a(lib_a-rand.o)
                0x00000000080053e4                srand
 .text._sbrk_r  0x00000000080053f4       0x24 /Users/lgcampos/Library/Arduino15/packages/arduino/tools/arm-none-eabi-gcc/7-2017q4/bin/../lib/gcc/arm-none-eabi/7.2.1/../../../../arm-none-eabi/lib/thumb/v7-m/libc.a(lib_a-sbrkr.o)
                0x00000000080053f4                _sbrk_r
 .text          0x0000000008005418       0x1c /Users/lgcampos/Library/Arduino15/packages/arduino/tools/arm-none-eabi-gcc/7-2017q4/bin/../lib/gcc/arm-none-eabi/7.2.1/../../../../arm-none-eabi/lib/thumb/v7-m/libc.a(lib_a-setjmp.o)
                0x0000000008005418                setjmp
                0x0000000008005424                longjmp
 .text.strlen   0x0000000008005434       0x5c /Users/lgcampos/Library/Arduino15/packages/arduino/tools/arm-none-eabi-gcc/7-2017q4/bin/../lib/gcc/arm-none-eabi/7.2.1/../../../../arm-none-eabi/lib/thumb/v7-m/libc.a(lib_a-strlen-stub.o)
                0x0000000008005434                strlen
 .text.startup.register_fini
                0x0000000008005490       0x14 /Users/lgcampos/Library/Arduino15/packages/arduino/tools/arm-none-eabi-gcc/7-2017q4/bin/../lib/gcc/arm-none-eabi/7.2.1/../../../../arm-none-eabi/lib/thumb/v7-m/libc.a(lib_a-__call_atexit.o)
 .text.__call_exitprocs
                0x00000000080054a4       0xe8 /Users/lgcampos/Library/Arduino15/packages/arduino/tools/arm-none-eabi-gcc/7-2017q4/bin/../lib/gcc/arm-none-eabi/7.2.1/../../../../arm-none-eabi/lib/thumb/v7-m/libc.a(lib_a-__call_atexit.o)
                0x00000000080054a4                __call_exitprocs
 .text.atexit   0x000000000800558c        0xc /Users/lgcampos/Library/Arduino15/packages/arduino/tools/arm-none-eabi-gcc/7-2017q4/bin/../lib/gcc/arm-none-eabi/7.2.1/../../../../arm-none-eabi/lib/thumb/v7-m/libc.a(lib_a-atexit.o)
                0x000000000800558c                atexit
 .text.__libc_fini_array
                0x0000000008005598       0x34 /Users/lgcampos/Library/Arduino15/packages/arduino/tools/arm-none-eabi-gcc/7-2017q4/bin/../lib/gcc/arm-none-eabi/7.2.1/../../../../arm-none-eabi/lib/thumb/v7-m/libc.a(lib_a-fini.o)
                0x0000000008005598                __libc_fini_array
 .text._malloc_trim_r
                0x00000000080055cc       0xa0 /Users/lgcampos/Library/Arduino15/packages/arduino/tools/arm-none-eabi-gcc/7-2017q4/bin/../lib/gcc/arm-none-eabi/7.2.1/../../../../arm-none-eabi/lib/thumb/v7-m/libc.a(lib_a-freer.o)
                0x00000000080055cc                _malloc_trim_r
 .text._free_r  0x000000000800566c      0x1e8 /Users/lgcampos/Library/Arduino15/packages/arduino/tools/arm-none-eabi-gcc/7-2017q4/bin/../lib/gcc/arm-none-eabi/7.2.1/../../../../arm-none-eabi/lib/thumb/v7-m/libc.a(lib_a-freer.o)
                0x000000000800566c                _free_r
 .text.__retarget_lock_acquire_recursive
                0x0000000008005854        0x4 /Users/lgcampos/Library/Arduino15/packages/arduino/tools/arm-none-eabi-gcc/7-2017q4/bin/../lib/gcc/arm-none-eabi/7.2.1/../../../../arm-none-eabi/lib/thumb/v7-m/libc.a(lib_a-lock.o)
                0x0000000008005854                __retarget_lock_acquire_recursive
 .text.__retarget_lock_release_recursive
                0x0000000008005858        0x4 /Users/lgcampos/Library/Arduino15/packages/arduino/tools/arm-none-eabi-gcc/7-2017q4/bin/../lib/gcc/arm-none-eabi/7.2.1/../../../../arm-none-eabi/lib/thumb/v7-m/libc.a(lib_a-lock.o)
                0x0000000008005858                __retarget_lock_release_recursive
 .text.__register_exitproc
                0x000000000800585c       0xc0 /Users/lgcampos/Library/Arduino15/packages/arduino/tools/arm-none-eabi-gcc/7-2017q4/bin/../lib/gcc/arm-none-eabi/7.2.1/../../../../arm-none-eabi/lib/thumb/v7-m/libc.a(lib_a-__atexit.o)
                0x000000000800585c                __register_exitproc
 *(.plt)
 *(.gnu.warning)
 *(.glue_7t)
 .glue_7t       0x000000000800591c        0x0 linker stubs
 *(.glue_7)
 .glue_7        0x000000000800591c        0x0 linker stubs
 *(.vfp11_veneer)
 .vfp11_veneer  0x000000000800591c        0x0 linker stubs
 *(.ARM.extab* .gnu.linkonce.armextab.*)
 *(.gcc_except_table)
 *(.eh_frame_hdr)
 *(.eh_frame)
 .eh_frame      0x000000000800591c        0x0 /Users/lgcampos/Library/Arduino15/packages/arduino/tools/arm-none-eabi-gcc/7-2017q4/bin/../lib/gcc/arm-none-eabi/7.2.1/thumb/v7-m/crtbegin.o
                0x000000000800591c                . = ALIGN (0x4)
 *(.init)
 .init          0x000000000800591c        0x4 /Users/lgcampos/Library/Arduino15/packages/arduino/tools/arm-none-eabi-gcc/7-2017q4/bin/../lib/gcc/arm-none-eabi/7.2.1/thumb/v7-m/crti.o
                0x000000000800591c                _init
 .init          0x0000000008005920        0x8 /Users/lgcampos/Library/Arduino15/packages/arduino/tools/arm-none-eabi-gcc/7-2017q4/bin/../lib/gcc/arm-none-eabi/7.2.1/thumb/v7-m/crtn.o
                0x0000000008005928                . = ALIGN (0x4)
                0x0000000008005928                __preinit_array_start = .
 *(.preinit_array)
                0x0000000008005928                __preinit_array_end = .
                0x0000000008005928                . = ALIGN (0x4)
                0x0000000008005928                __init_array_start = .
 *(SORT_BY_NAME(.init_array.*))
 .init_array.00000
                0x0000000008005928        0x4 /Users/lgcampos/Library/Arduino15/packages/arduino/tools/arm-none-eabi-gcc/7-2017q4/bin/../lib/gcc/arm-none-eabi/7.2.1/../../../../arm-none-eabi/lib/thumb/v7-m/libc.a(lib_a-__call_atexit.o)
 .init_array.00101
                0x000000000800592c        0x4 /var/folders/hj/xvmq845d4rq0_l026j3g6x8c0000gn/T/arduino-core-cache/core_0bde13c9a0eea2bfdc716a2fc04bccd4.a(main.cpp.o)
 *(.init_array)
 .init_array    0x0000000008005930        0x4 /Users/lgcampos/Library/Arduino15/packages/arduino/tools/arm-none-eabi-gcc/7-2017q4/bin/../lib/gcc/arm-none-eabi/7.2.1/thumb/v7-m/crtbegin.o
 .init_array    0x0000000008005934        0x4 /var/folders/hj/xvmq845d4rq0_l026j3g6x8c0000gn/T/arduino-sketch-783AC80E8B34696ACA1CC87DB6CF7DB3/core/board.cpp.o
 .init_array    0x0000000008005938        0x4 /var/folders/hj/xvmq845d4rq0_l026j3g6x8c0000gn/T/arduino-core-cache/core_0bde13c9a0eea2bfdc716a2fc04bccd4.a(usb_serial.cpp.o)
                0x000000000800593c                __init_array_end = .
                0x000000000800593c                . = ALIGN (0x4)
 *crtbegin.o(.ctors)
 *(EXCLUDE_FILE(*crtend.o) .ctors)
 *(SORT_BY_NAME(.ctors.*))
 *crtend.o(.ctors)
                0x000000000800593c                . = ALIGN (0x4)
 *(.fini)
 .fini          0x000000000800593c        0x4 /Users/lgcampos/Library/Arduino15/packages/arduino/tools/arm-none-eabi-gcc/7-2017q4/bin/../lib/gcc/arm-none-eabi/7.2.1/thumb/v7-m/crti.o
                0x000000000800593c                _fini
 .fini          0x0000000008005940        0x8 /Users/lgcampos/Library/Arduino15/packages/arduino/tools/arm-none-eabi-gcc/7-2017q4/bin/../lib/gcc/arm-none-eabi/7.2.1/thumb/v7-m/crtn.o
                0x0000000008005948                . = ALIGN (0x4)
                0x0000000008005948                __fini_array_start = .
 *(.fini_array)
 .fini_array    0x0000000008005948        0x4 /Users/lgcampos/Library/Arduino15/packages/arduino/tools/arm-none-eabi-gcc/7-2017q4/bin/../lib/gcc/arm-none-eabi/7.2.1/thumb/v7-m/crtbegin.o
 *(SORT_BY_NAME(.fini_array.*))
                0x000000000800594c                __fini_array_end = .
 *crtbegin.o(.dtors)
 *(EXCLUDE_FILE(*crtend.o) .dtors)
 *(SORT_BY_NAME(.dtors.*))
 *crtend.o(.dtors)

.v4_bx          0x000000000800594c        0x0
 .v4_bx         0x000000000800594c        0x0 linker stubs

.iplt           0x000000000800594c        0x0
 .iplt          0x000000000800594c        0x0 /Users/lgcampos/Library/Arduino15/packages/arduino/tools/arm-none-eabi-gcc/7-2017q4/bin/../lib/gcc/arm-none-eabi/7.2.1/thumb/v7-m/crtbegin.o

.text.align     0x000000000800594c        0x4
                0x0000000008005950                . = ALIGN (0x8)
 *fill*         0x000000000800594c        0x4 
                0x0000000008005950                __text_end__ = .
                0x0000000008005950                __exidx_start = .

.ARM.exidx      0x0000000008005950        0x8
 *(.ARM.exidx* .gnu.linkonce.armexidx.*)
 .ARM.exidx     0x0000000008005950        0x8 /var/folders/hj/xvmq845d4rq0_l026j3g6x8c0000gn/T/arduino-sketch-783AC80E8B34696ACA1CC87DB6CF7DB3/core/wirish/start.S.o
 .ARM.exidx     0x0000000008005958        0x0 /Users/lgcampos/Library/Arduino15/packages/arduino/tools/arm-none-eabi-gcc/7-2017q4/bin/../lib/gcc/arm-none-eabi/7.2.1/thumb/v7-m/libgcc.a(_udivmoddi4.o)
                                          0x8 (size before relaxing)
                0x0000000008005958                __exidx_end = .

.data           0x0000000020000000      0xcc0 load address 0x0000000008005958
                0x0000000020000000                __data_start__ = .
                0x0000000020000000        0x4 LONG 0x0
                0x0000000020000008                . = ALIGN (0x8)
 *fill*         0x0000000020000004        0x4 
 *(.got.plt)
 *(.got)
 *(.data .data.* .gnu.linkonce.d.*)
 .data.pszNotificationTag
                0x0000000020000008       0x12 /var/folders/hj/xvmq845d4rq0_l026j3g6x8c0000gn/T/arduino-sketch-783AC80E8B34696ACA1CC87DB6CF7DB3/sketch/LowMemoryExample.ino.cpp.o
                0x0000000020000008                pszNotificationTag
 *fill*         0x000000002000001a        0x2 
 .data._ZN6wirish4priv15w_board_pll_cfgE
                0x000000002000001c        0x8 /var/folders/hj/xvmq845d4rq0_l026j3g6x8c0000gn/T/arduino-sketch-783AC80E8B34696ACA1CC87DB6CF7DB3/core/wirish/boards_setup.cpp.o
                0x000000002000001c                wirish::priv::w_board_pll_cfg
 .data._ZN6wirish4priv9w_adc_preE
                0x0000000020000024        0x2 /var/folders/hj/xvmq845d4rq0_l026j3g6x8c0000gn/T/arduino-sketch-783AC80E8B34696ACA1CC87DB6CF7DB3/core/wirish/boards_setup.cpp.o
                0x0000000020000024                wirish::priv::w_adc_pre
 .data._ZN6wirish4priv9w_adc_smpE
                0x0000000020000026        0x1 /var/folders/hj/xvmq845d4rq0_l026j3g6x8c0000gn/T/arduino-sketch-783AC80E8B34696ACA1CC87DB6CF7DB3/core/wirish/boards_setup.cpp.o
                0x0000000020000026                wirish::priv::w_adc_smp
 *fill*         0x0000000020000027        0x1 
 .data._ZN6wirish4privL8pll_dataE
                0x0000000020000028        0x4 /var/folders/hj/xvmq845d4rq0_l026j3g6x8c0000gn/T/arduino-sketch-783AC80E8B34696ACA1CC87DB6CF7DB3/core/wirish/boards_setup.cpp.o
 .data.ADC1     0x000000002000002c        0x4 /var/folders/hj/xvmq845d4rq0_l026j3g6x8c0000gn/T/arduino-core-cache/core_0bde13c9a0eea2bfdc716a2fc04bccd4.a(adc_f1.c.o)
                0x000000002000002c                ADC1
 .data.ADC2     0x0000000020000030        0x4 /var/folders/hj/xvmq845d4rq0_l026j3g6x8c0000gn/T/arduino-core-cache/core_0bde13c9a0eea2bfdc716a2fc04bccd4.a(adc_f1.c.o)
                0x0000000020000030                ADC2
 .data.adc1     0x0000000020000034       0x18 /var/folders/hj/xvmq845d4rq0_l026j3g6x8c0000gn/T/arduino-core-cache/core_0bde13c9a0eea2bfdc716a2fc04bccd4.a(adc_f1.c.o)
                0x0000000020000034                adc1
 .data.adc2     0x000000002000004c        0x8 /var/folders/hj/xvmq845d4rq0_l026j3g6x8c0000gn/T/arduino-core-cache/core_0bde13c9a0eea2bfdc716a2fc04bccd4.a(adc_f1.c.o)
                0x000000002000004c                adc2
 .data.DMA1     0x0000000020000054        0x4 /var/folders/hj/xvmq845d4rq0_l026j3g6x8c0000gn/T/arduino-core-cache/core_0bde13c9a0eea2bfdc716a2fc04bccd4.a(dma_f1.c.o)
                0x0000000020000054                DMA1
 .data.dma1     0x0000000020000058       0x40 /var/folders/hj/xvmq845d4rq0_l026j3g6x8c0000gn/T/arduino-core-cache/core_0bde13c9a0eea2bfdc716a2fc04bccd4.a(dma_f1.c.o)
 .data.gpioa    0x0000000020000098        0x8 /var/folders/hj/xvmq845d4rq0_l026j3g6x8c0000gn/T/arduino-core-cache/core_0bde13c9a0eea2bfdc716a2fc04bccd4.a(gpio_f1.c.o)
                0x0000000020000098                gpioa
 .data.gpiob    0x00000000200000a0        0x8 /var/folders/hj/xvmq845d4rq0_l026j3g6x8c0000gn/T/arduino-core-cache/core_0bde13c9a0eea2bfdc716a2fc04bccd4.a(gpio_f1.c.o)
                0x00000000200000a0                gpiob
 .data.gpioc    0x00000000200000a8        0x8 /var/folders/hj/xvmq845d4rq0_l026j3g6x8c0000gn/T/arduino-core-cache/core_0bde13c9a0eea2bfdc716a2fc04bccd4.a(gpio_f1.c.o)
                0x00000000200000a8                gpioc
 .data.gpiod    0x00000000200000b0        0x8 /var/folders/hj/xvmq845d4rq0_l026j3g6x8c0000gn/T/arduino-core-cache/core_0bde13c9a0eea2bfdc716a2fc04bccd4.a(gpio_f1.c.o)
                0x00000000200000b0                gpiod
 .data.i2c1     0x00000000200000b8       0x38 /var/folders/hj/xvmq845d4rq0_l026j3g6x8c0000gn/T/arduino-core-cache/core_0bde13c9a0eea2bfdc716a2fc04bccd4.a(i2c_f1.c.o)
 .data.i2c2     0x00000000200000f0       0x38 /var/folders/hj/xvmq845d4rq0_l026j3g6x8c0000gn/T/arduino-core-cache/core_0bde13c9a0eea2bfdc716a2fc04bccd4.a(i2c_f1.c.o)
 .data.enable_regs.4454
                0x0000000020000128        0xc /var/folders/hj/xvmq845d4rq0_l026j3g6x8c0000gn/T/arduino-core-cache/core_0bde13c9a0eea2bfdc716a2fc04bccd4.a(rcc_f1.c.o)
 .data.enable_regs.4467
                0x0000000020000134        0xc /var/folders/hj/xvmq845d4rq0_l026j3g6x8c0000gn/T/arduino-core-cache/core_0bde13c9a0eea2bfdc716a2fc04bccd4.a(rcc_f1.c.o)
 .data.reset_regs.4458
                0x0000000020000140        0x8 /var/folders/hj/xvmq845d4rq0_l026j3g6x8c0000gn/T/arduino-core-cache/core_0bde13c9a0eea2bfdc716a2fc04bccd4.a(rcc_f1.c.o)
 .data.timer1   0x0000000020000148       0x28 /var/folders/hj/xvmq845d4rq0_l026j3g6x8c0000gn/T/arduino-core-cache/core_0bde13c9a0eea2bfdc716a2fc04bccd4.a(timer.c.o)
                0x0000000020000148                timer1
 .data.timer2   0x0000000020000170       0x24 /var/folders/hj/xvmq845d4rq0_l026j3g6x8c0000gn/T/arduino-core-cache/core_0bde13c9a0eea2bfdc716a2fc04bccd4.a(timer.c.o)
                0x0000000020000170                timer2
 .data.timer3   0x0000000020000194       0x24 /var/folders/hj/xvmq845d4rq0_l026j3g6x8c0000gn/T/arduino-core-cache/core_0bde13c9a0eea2bfdc716a2fc04bccd4.a(timer.c.o)
                0x0000000020000194                timer3
 .data.timer4   0x00000000200001b8       0x24 /var/folders/hj/xvmq845d4rq0_l026j3g6x8c0000gn/T/arduino-core-cache/core_0bde13c9a0eea2bfdc716a2fc04bccd4.a(timer.c.o)
                0x00000000200001b8                timer4
 .data.USART1   0x00000000200001dc        0x4 /var/folders/hj/xvmq845d4rq0_l026j3g6x8c0000gn/T/arduino-core-cache/core_0bde13c9a0eea2bfdc716a2fc04bccd4.a(usart_f1.c.o)
                0x00000000200001dc                USART1
 .data.USART2   0x00000000200001e0        0x4 /var/folders/hj/xvmq845d4rq0_l026j3g6x8c0000gn/T/arduino-core-cache/core_0bde13c9a0eea2bfdc716a2fc04bccd4.a(usart_f1.c.o)
                0x00000000200001e0                USART2
 .data.USART3   0x00000000200001e4        0x4 /var/folders/hj/xvmq845d4rq0_l026j3g6x8c0000gn/T/arduino-core-cache/core_0bde13c9a0eea2bfdc716a2fc04bccd4.a(usart_f1.c.o)
                0x00000000200001e4                USART3
 .data.usart1   0x00000000200001e8       0x94 /var/folders/hj/xvmq845d4rq0_l026j3g6x8c0000gn/T/arduino-core-cache/core_0bde13c9a0eea2bfdc716a2fc04bccd4.a(usart_f1.c.o)
 .data.usart2   0x000000002000027c       0x94 /var/folders/hj/xvmq845d4rq0_l026j3g6x8c0000gn/T/arduino-core-cache/core_0bde13c9a0eea2bfdc716a2fc04bccd4.a(usart_f1.c.o)
 .data.usart3   0x0000000020000310       0x94 /var/folders/hj/xvmq845d4rq0_l026j3g6x8c0000gn/T/arduino-core-cache/core_0bde13c9a0eea2bfdc716a2fc04bccd4.a(usart_f1.c.o)
 .data.USBLIB   0x00000000200003a4        0x4 /var/folders/hj/xvmq845d4rq0_l026j3g6x8c0000gn/T/arduino-core-cache/core_0bde13c9a0eea2bfdc716a2fc04bccd4.a(usb.c.o)
                0x00000000200003a4                USBLIB
 .data.usblib   0x00000000200003a8       0x10 /var/folders/hj/xvmq845d4rq0_l026j3g6x8c0000gn/T/arduino-core-cache/core_0bde13c9a0eea2bfdc716a2fc04bccd4.a(usb.c.o)
 .data.Config_Descriptor
                0x00000000200003b8        0x8 /var/folders/hj/xvmq845d4rq0_l026j3g6x8c0000gn/T/arduino-core-cache/core_0bde13c9a0eea2bfdc716a2fc04bccd4.a(usb_cdcacm.c.o)
 .data.Device_Descriptor
                0x00000000200003c0        0x8 /var/folders/hj/xvmq845d4rq0_l026j3g6x8c0000gn/T/arduino-core-cache/core_0bde13c9a0eea2bfdc716a2fc04bccd4.a(usb_cdcacm.c.o)
 .data.Device_Property
                0x00000000200003c8       0x30 /var/folders/hj/xvmq845d4rq0_l026j3g6x8c0000gn/T/arduino-core-cache/core_0bde13c9a0eea2bfdc716a2fc04bccd4.a(usb_cdcacm.c.o)
                0x00000000200003c8                Device_Property
 .data.Device_Table
                0x00000000200003f8        0x2 /var/folders/hj/xvmq845d4rq0_l026j3g6x8c0000gn/T/arduino-core-cache/core_0bde13c9a0eea2bfdc716a2fc04bccd4.a(usb_cdcacm.c.o)
                0x00000000200003f8                Device_Table
 *fill*         0x00000000200003fa        0x2 
 .data.String_Descriptor
                0x00000000200003fc       0x18 /var/folders/hj/xvmq845d4rq0_l026j3g6x8c0000gn/T/arduino-core-cache/core_0bde13c9a0eea2bfdc716a2fc04bccd4.a(usb_cdcacm.c.o)
 .data.User_Standard_Requests
                0x0000000020000414       0x24 /var/folders/hj/xvmq845d4rq0_l026j3g6x8c0000gn/T/arduino-core-cache/core_0bde13c9a0eea2bfdc716a2fc04bccd4.a(usb_cdcacm.c.o)
                0x0000000020000414                User_Standard_Requests
 .data.ep_int_in
                0x0000000020000438       0x1c /var/folders/hj/xvmq845d4rq0_l026j3g6x8c0000gn/T/arduino-core-cache/core_0bde13c9a0eea2bfdc716a2fc04bccd4.a(usb_cdcacm.c.o)
 .data.ep_int_out
                0x0000000020000454       0x1c /var/folders/hj/xvmq845d4rq0_l026j3g6x8c0000gn/T/arduino-core-cache/core_0bde13c9a0eea2bfdc716a2fc04bccd4.a(usb_cdcacm.c.o)
 .data.line_coding
                0x0000000020000470        0x7 /var/folders/hj/xvmq845d4rq0_l026j3g6x8c0000gn/T/arduino-core-cache/core_0bde13c9a0eea2bfdc716a2fc04bccd4.a(usb_cdcacm.c.o)
 *fill*         0x0000000020000477        0x1 
 .data._impure_ptr
                0x0000000020000478        0x4 /Users/lgcampos/Library/Arduino15/packages/arduino/tools/arm-none-eabi-gcc/7-2017q4/bin/../lib/gcc/arm-none-eabi/7.2.1/../../../../arm-none-eabi/lib/thumb/v7-m/libc.a(lib_a-impure.o)
                0x0000000020000478                _impure_ptr
 *fill*         0x000000002000047c        0x4 
 .data.impure_data
                0x0000000020000480      0x428 /Users/lgcampos/Library/Arduino15/packages/arduino/tools/arm-none-eabi-gcc/7-2017q4/bin/../lib/gcc/arm-none-eabi/7.2.1/../../../../arm-none-eabi/lib/thumb/v7-m/libc.a(lib_a-impure.o)
 .data.__malloc_av_
                0x00000000200008a8      0x408 /Users/lgcampos/Library/Arduino15/packages/arduino/tools/arm-none-eabi-gcc/7-2017q4/bin/../lib/gcc/arm-none-eabi/7.2.1/../../../../arm-none-eabi/lib/thumb/v7-m/libc.a(lib_a-mallocr.o)
                0x00000000200008a8                __malloc_av_
 .data.__malloc_sbrk_base
                0x0000000020000cb0        0x4 /Users/lgcampos/Library/Arduino15/packages/arduino/tools/arm-none-eabi-gcc/7-2017q4/bin/../lib/gcc/arm-none-eabi/7.2.1/../../../../arm-none-eabi/lib/thumb/v7-m/libc.a(lib_a-mallocr.o)
                0x0000000020000cb0                __malloc_sbrk_base
 .data.__malloc_trim_threshold
                0x0000000020000cb4        0x4 /Users/lgcampos/Library/Arduino15/packages/arduino/tools/arm-none-eabi-gcc/7-2017q4/bin/../lib/gcc/arm-none-eabi/7.2.1/../../../../arm-none-eabi/lib/thumb/v7-m/libc.a(lib_a-mallocr.o)
                0x0000000020000cb4                __malloc_trim_threshold
 .data.__atexit_recursive_mutex
                0x0000000020000cb8        0x4 /Users/lgcampos/Library/Arduino15/packages/arduino/tools/arm-none-eabi-gcc/7-2017q4/bin/../lib/gcc/arm-none-eabi/7.2.1/../../../../arm-none-eabi/lib/thumb/v7-m/libc.a(lib_a-__call_atexit.o)
                0x0000000020000cb8                __atexit_recursive_mutex
                0x0000000020000cc0                . = ALIGN (0x8)
 *fill*         0x0000000020000cbc        0x4 
                0x0000000020000cc0                __data_end__ = .

.igot.plt       0x0000000020000cc0        0x0 load address 0x0000000008006618
 .igot.plt      0x0000000020000cc0        0x0 /Users/lgcampos/Library/Arduino15/packages/arduino/tools/arm-none-eabi-gcc/7-2017q4/bin/../lib/gcc/arm-none-eabi/7.2.1/thumb/v7-m/crtbegin.o

.rodata         0x0000000008006618      0x7c4
 *(.rodata .rodata.* .gnu.linkonce.r.*)
 .rodata._Z10HideCursorv.str1.4
                0x0000000008006618        0x7 /var/folders/hj/xvmq845d4rq0_l026j3g6x8c0000gn/T/arduino-sketch-783AC80E8B34696ACA1CC87DB6CF7DB3/sketch/LowMemoryExample.ino.cpp.o
 *fill*         0x000000000800661f        0x1 
 .rodata._Z10ResetColorv.str1.4
                0x0000000008006620        0x5 /var/folders/hj/xvmq845d4rq0_l026j3g6x8c0000gn/T/arduino-sketch-783AC80E8B34696ACA1CC87DB6CF7DB3/sketch/LowMemoryExample.ino.cpp.o
 *fill*         0x0000000008006625        0x3 
 .rodata._Z12ClearConsolev.str1.4
                0x0000000008006628        0x5 /var/folders/hj/xvmq845d4rq0_l026j3g6x8c0000gn/T/arduino-sketch-783AC80E8B34696ACA1CC87DB6CF7DB3/sketch/LowMemoryExample.ino.cpp.o
 *fill*         0x000000000800662d        0x3 
 .rodata._Z13CounterThreadPv.str1.4
                0x0000000008006630        0x8 /var/folders/hj/xvmq845d4rq0_l026j3g6x8c0000gn/T/arduino-sketch-783AC80E8B34696ACA1CC87DB6CF7DB3/sketch/LowMemoryExample.ino.cpp.o
 .rodata._Z14eventualThreadPv.str1.4
                0x0000000008006638       0x73 /var/folders/hj/xvmq845d4rq0_l026j3g6x8c0000gn/T/arduino-sketch-783AC80E8B34696ACA1CC87DB6CF7DB3/sketch/LowMemoryExample.ino.cpp.o
                                         0x77 (size before relaxing)
 *fill*         0x00000000080066ab        0x1 
 .rodata._Z18ShowRunningThreadsv.str1.4
                0x00000000080066ac       0x8d /var/folders/hj/xvmq845d4rq0_l026j3g6x8c0000gn/T/arduino-sketch-783AC80E8B34696ACA1CC87DB6CF7DB3/sketch/LowMemoryExample.ino.cpp.o
 *fill*         0x0000000008006739        0x3 
 .rodata._Z20StackOverflowHandlerv.str1.4
                0x000000000800673c       0x24 /var/folders/hj/xvmq845d4rq0_l026j3g6x8c0000gn/T/arduino-sketch-783AC80E8B34696ACA1CC87DB6CF7DB3/sketch/LowMemoryExample.ino.cpp.o
 .rodata._Z5setupv.str1.4
                0x0000000008006760      0x22d /var/folders/hj/xvmq845d4rq0_l026j3g6x8c0000gn/T/arduino-sketch-783AC80E8B34696ACA1CC87DB6CF7DB3/sketch/LowMemoryExample.ino.cpp.o
                                        0x231 (size before relaxing)
 *fill*         0x000000000800698d        0x3 
 .rodata._Z6ThreadPv.str1.4
                0x0000000008006990       0x6d /var/folders/hj/xvmq845d4rq0_l026j3g6x8c0000gn/T/arduino-sketch-783AC80E8B34696ACA1CC87DB6CF7DB3/sketch/LowMemoryExample.ino.cpp.o
 *fill*         0x00000000080069fd        0x3 
 .rodata._ZL21CorePartition_version
                0x0000000008006a00       0x34 /var/folders/hj/xvmq845d4rq0_l026j3g6x8c0000gn/T/arduino-sketch-783AC80E8B34696ACA1CC87DB6CF7DB3/sketch/LowMemoryExample.ino.cpp.o
 .rodata._ZZ5setupvE19__PRETTY_FUNCTION__
                0x0000000008006a34        0xd /var/folders/hj/xvmq845d4rq0_l026j3g6x8c0000gn/T/arduino-sketch-783AC80E8B34696ACA1CC87DB6CF7DB3/sketch/LowMemoryExample.ino.cpp.o
 *fill*         0x0000000008006a41        0x3 
 .rodata.CorePartition_CreateThread_.str1.4
                0x0000000008006a44        0x7 /var/folders/hj/xvmq845d4rq0_l026j3g6x8c0000gn/T/arduino-sketch-783AC80E8B34696ACA1CC87DB6CF7DB3/libraries/CorePartition/CorePartition.c.o
 *fill*         0x0000000008006a4b        0x1 
 .rodata.CorePartition_GetThreadNameByID.str1.4
                0x0000000008006a4c        0x2 /var/folders/hj/xvmq845d4rq0_l026j3g6x8c0000gn/T/arduino-sketch-783AC80E8B34696ACA1CC87DB6CF7DB3/libraries/CorePartition/CorePartition.c.o
 *fill*         0x0000000008006a4e        0x2 
 .rodata.PIN_MAP
                0x0000000008006a50      0x230 /var/folders/hj/xvmq845d4rq0_l026j3g6x8c0000gn/T/arduino-sketch-783AC80E8B34696ACA1CC87DB6CF7DB3/core/board.cpp.o
                0x0000000008006a50                PIN_MAP
 .rodata.GPIOC  0x0000000008006c80        0x4 /var/folders/hj/xvmq845d4rq0_l026j3g6x8c0000gn/T/arduino-core-cache/core_0bde13c9a0eea2bfdc716a2fc04bccd4.a(gpio_f1.c.o)
                0x0000000008006c80                GPIOC
 .rodata.masks.4463
                0x0000000008006c84       0x14 /var/folders/hj/xvmq845d4rq0_l026j3g6x8c0000gn/T/arduino-core-cache/core_0bde13c9a0eea2bfdc716a2fc04bccd4.a(rcc_f1.c.o)
 .rodata.rcc_dev_table
                0x0000000008006c98       0x5c /var/folders/hj/xvmq845d4rq0_l026j3g6x8c0000gn/T/arduino-core-cache/core_0bde13c9a0eea2bfdc716a2fc04bccd4.a(rcc_f1.c.o)
                0x0000000008006c98                rcc_dev_table
 .rodata.usbVcomDescriptor_Config
                0x0000000008006cf4       0x43 /var/folders/hj/xvmq845d4rq0_l026j3g6x8c0000gn/T/arduino-core-cache/core_0bde13c9a0eea2bfdc716a2fc04bccd4.a(usb_cdcacm.c.o)
 *fill*         0x0000000008006d37        0x1 
 .rodata.usbVcomDescriptor_Device
                0x0000000008006d38       0x12 /var/folders/hj/xvmq845d4rq0_l026j3g6x8c0000gn/T/arduino-core-cache/core_0bde13c9a0eea2bfdc716a2fc04bccd4.a(usb_cdcacm.c.o)
 *fill*         0x0000000008006d4a        0x2 
 .rodata.usbVcomDescriptor_LangID
                0x0000000008006d4c        0x4 /var/folders/hj/xvmq845d4rq0_l026j3g6x8c0000gn/T/arduino-core-cache/core_0bde13c9a0eea2bfdc716a2fc04bccd4.a(usb_cdcacm.c.o)
 .rodata.usbVcomDescriptor_iManufacturer
                0x0000000008006d50       0x12 /var/folders/hj/xvmq845d4rq0_l026j3g6x8c0000gn/T/arduino-core-cache/core_0bde13c9a0eea2bfdc716a2fc04bccd4.a(usb_cdcacm.c.o)
 *fill*         0x0000000008006d62        0x2 
 .rodata.usbVcomDescriptor_iProduct
                0x0000000008006d64        0xc /var/folders/hj/xvmq845d4rq0_l026j3g6x8c0000gn/T/arduino-core-cache/core_0bde13c9a0eea2bfdc716a2fc04bccd4.a(usb_cdcacm.c.o)
 .rodata._fail.str1.4
                0x0000000008006d70       0x1c /var/folders/hj/xvmq845d4rq0_l026j3g6x8c0000gn/T/arduino-core-cache/core_0bde13c9a0eea2bfdc716a2fc04bccd4.a(util.c.o)
                                         0x1f (size before relaxing)
 .rodata._ZTV14HardwareSerial
                0x0000000008006d8c       0x24 /var/folders/hj/xvmq845d4rq0_l026j3g6x8c0000gn/T/arduino-core-cache/core_0bde13c9a0eea2bfdc716a2fc04bccd4.a(HardwareSerial.cpp.o)
                0x0000000008006d8c                vtable for HardwareSerial
 .rodata._ZTV9USBSerial
                0x0000000008006db0       0x24 /var/folders/hj/xvmq845d4rq0_l026j3g6x8c0000gn/T/arduino-core-cache/core_0bde13c9a0eea2bfdc716a2fc04bccd4.a(usb_serial.cpp.o)
                0x0000000008006db0                vtable for USBSerial
 .rodata._global_impure_ptr
                0x0000000008006dd4        0x4 /Users/lgcampos/Library/Arduino15/packages/arduino/tools/arm-none-eabi-gcc/7-2017q4/bin/../lib/gcc/arm-none-eabi/7.2.1/../../../../arm-none-eabi/lib/thumb/v7-m/libc.a(lib_a-impure.o)
                0x0000000008006dd4                _global_impure_ptr
 *(.USER_FLASH)
                0x0000000008006dd8                . = ALIGN (0x4)
                0x0000000008006dd8                _lm_rom_img_cfgp = .
                0x0000000008006dd8        0x4 LONG 0x8005958 LOADADDR (.data)
                0x0000000020001158                _lm_heap_start = DEFINED (_lm_heap_start)?_lm_heap_start:_end
                0x0000000020005000                _lm_heap_end = DEFINED (_lm_heap_end)?_lm_heap_end:__msp_init

.rel.dyn        0x0000000008006ddc        0x0
 .rel.iplt      0x0000000008006ddc        0x0 /Users/lgcampos/Library/Arduino15/packages/arduino/tools/arm-none-eabi-gcc/7-2017q4/bin/../lib/gcc/arm-none-eabi/7.2.1/thumb/v7-m/crtbegin.o

.bss            0x0000000020000cc0      0x498
                0x0000000020000cc0                . = ALIGN (0x8)
                0x0000000020000cc0                __bss_start__ = .
 *(.bss .bss.* .gnu.linkonce.b.*)
 .bss           0x0000000020000cc0       0x1c /Users/lgcampos/Library/Arduino15/packages/arduino/tools/arm-none-eabi-gcc/7-2017q4/bin/../lib/gcc/arm-none-eabi/7.2.1/thumb/v7-m/crtbegin.o
 .bss.nValues   0x0000000020000cdc        0xc /var/folders/hj/xvmq845d4rq0_l026j3g6x8c0000gn/T/arduino-sketch-783AC80E8B34696ACA1CC87DB6CF7DB3/sketch/LowMemoryExample.ino.cpp.o
                0x0000000020000cdc                nValues
 .bss.nCount.6057
                0x0000000020000ce8        0x4 /var/folders/hj/xvmq845d4rq0_l026j3g6x8c0000gn/T/arduino-sketch-783AC80E8B34696ACA1CC87DB6CF7DB3/libraries/CorePartition/CorePartition.c.o
 .bss.nCurrentThread
                0x0000000020000cec        0x4 /var/folders/hj/xvmq845d4rq0_l026j3g6x8c0000gn/T/arduino-sketch-783AC80E8B34696ACA1CC87DB6CF7DB3/libraries/CorePartition/CorePartition.c.o
 .bss.nMaxThreads
                0x0000000020000cf0        0x4 /var/folders/hj/xvmq845d4rq0_l026j3g6x8c0000gn/T/arduino-sketch-783AC80E8B34696ACA1CC87DB6CF7DB3/libraries/CorePartition/CorePartition.c.o
 .bss.nRunningThreads
                0x0000000020000cf4        0x4 /var/folders/hj/xvmq845d4rq0_l026j3g6x8c0000gn/T/arduino-sketch-783AC80E8B34696ACA1CC87DB6CF7DB3/libraries/CorePartition/CorePartition.c.o
 .bss.nThreadCount
                0x0000000020000cf8        0x4 /var/folders/hj/xvmq845d4rq0_l026j3g6x8c0000gn/T/arduino-sketch-783AC80E8B34696ACA1CC87DB6CF7DB3/libraries/CorePartition/CorePartition.c.o
 .bss.pCoreThread
                0x0000000020000cfc        0x4 /var/folders/hj/xvmq845d4rq0_l026j3g6x8c0000gn/T/arduino-sketch-783AC80E8B34696ACA1CC87DB6CF7DB3/libraries/CorePartition/CorePartition.c.o
 .bss.pStartStck
                0x0000000020000d00        0x4 /var/folders/hj/xvmq845d4rq0_l026j3g6x8c0000gn/T/arduino-sketch-783AC80E8B34696ACA1CC87DB6CF7DB3/libraries/CorePartition/CorePartition.c.o
 .bss.stackOverflowHandler
                0x0000000020000d04        0x4 /var/folders/hj/xvmq845d4rq0_l026j3g6x8c0000gn/T/arduino-sketch-783AC80E8B34696ACA1CC87DB6CF7DB3/libraries/CorePartition/CorePartition.c.o
 .bss.pbreak.4621
                0x0000000020000d08        0x4 /var/folders/hj/xvmq845d4rq0_l026j3g6x8c0000gn/T/arduino-sketch-783AC80E8B34696ACA1CC87DB6CF7DB3/core/wirish/syscalls.c.o
 .bss.Serial1   0x0000000020000d0c       0x18 /var/folders/hj/xvmq845d4rq0_l026j3g6x8c0000gn/T/arduino-sketch-783AC80E8B34696ACA1CC87DB6CF7DB3/core/board.cpp.o
                0x0000000020000d0c                Serial1
 .bss.Serial2   0x0000000020000d24       0x18 /var/folders/hj/xvmq845d4rq0_l026j3g6x8c0000gn/T/arduino-sketch-783AC80E8B34696ACA1CC87DB6CF7DB3/core/board.cpp.o
                0x0000000020000d24                Serial2
 .bss.Serial3   0x0000000020000d3c       0x18 /var/folders/hj/xvmq845d4rq0_l026j3g6x8c0000gn/T/arduino-sketch-783AC80E8B34696ACA1CC87DB6CF7DB3/core/board.cpp.o
                0x0000000020000d3c                Serial3
 .bss.exti_channels
                0x0000000020000d54       0x80 /var/folders/hj/xvmq845d4rq0_l026j3g6x8c0000gn/T/arduino-core-cache/core_0bde13c9a0eea2bfdc716a2fc04bccd4.a(exti.c.o)
                0x0000000020000d54                exti_channels
 .bss.systick_user_callback
                0x0000000020000dd4        0x4 /var/folders/hj/xvmq845d4rq0_l026j3g6x8c0000gn/T/arduino-core-cache/core_0bde13c9a0eea2bfdc716a2fc04bccd4.a(systick.c.o)
 .bss.usart1_rb
                0x0000000020000dd8        0xc /var/folders/hj/xvmq845d4rq0_l026j3g6x8c0000gn/T/arduino-core-cache/core_0bde13c9a0eea2bfdc716a2fc04bccd4.a(usart_f1.c.o)
 .bss.usart1_wb
                0x0000000020000de4        0xc /var/folders/hj/xvmq845d4rq0_l026j3g6x8c0000gn/T/arduino-core-cache/core_0bde13c9a0eea2bfdc716a2fc04bccd4.a(usart_f1.c.o)
 .bss.usart2_rb
                0x0000000020000df0        0xc /var/folders/hj/xvmq845d4rq0_l026j3g6x8c0000gn/T/arduino-core-cache/core_0bde13c9a0eea2bfdc716a2fc04bccd4.a(usart_f1.c.o)
 .bss.usart2_wb
                0x0000000020000dfc        0xc /var/folders/hj/xvmq845d4rq0_l026j3g6x8c0000gn/T/arduino-core-cache/core_0bde13c9a0eea2bfdc716a2fc04bccd4.a(usart_f1.c.o)
 .bss.usart3_rb
                0x0000000020000e08        0xc /var/folders/hj/xvmq845d4rq0_l026j3g6x8c0000gn/T/arduino-core-cache/core_0bde13c9a0eea2bfdc716a2fc04bccd4.a(usart_f1.c.o)
 .bss.usart3_wb
                0x0000000020000e14        0xc /var/folders/hj/xvmq845d4rq0_l026j3g6x8c0000gn/T/arduino-core-cache/core_0bde13c9a0eea2bfdc716a2fc04bccd4.a(usart_f1.c.o)
 .bss.iface_setup_hook
                0x0000000020000e20        0x4 /var/folders/hj/xvmq845d4rq0_l026j3g6x8c0000gn/T/arduino-core-cache/core_0bde13c9a0eea2bfdc716a2fc04bccd4.a(usb_cdcacm.c.o)
 .bss.line_dtr_rts